###############################################################################
#
# IAR ELF Linker V3.11.1.207 for STM8                     09/Dec/2022  10:51:42
# Copyright 2010-2019 IAR Systems AB.
#
#    Output file  =  
#        C:\Users\admin\Documents\Git\Sugentech-Backup\Surearly_SMART-Firmware\Main_v2.0.18_alpha(original,git)\Debug\Exe\SMART_Main_FW.out
#    Map file     =  
#        C:\Users\admin\Documents\Git\Sugentech-Backup\Surearly_SMART-Firmware\Main_v2.0.18_alpha(original,git)\Debug\List\SMART_Main_FW.map
#    Command line =  
#        -f C:\Users\admin\AppData\Local\Temp\EW393D.tmp
#        ("C:\Users\admin\Documents\Git\Sugentech-Backup\Surearly_SMART-Firmware\Main_v2.0.18_alpha(original,git)\Debug\Obj\admin_mode.o"
#        "C:\Users\admin\Documents\Git\Sugentech-Backup\Surearly_SMART-Firmware\Main_v2.0.18_alpha(original,git)\Debug\Obj\API_Message_Ctrl.o"
#        "C:\Users\admin\Documents\Git\Sugentech-Backup\Surearly_SMART-Firmware\Main_v2.0.18_alpha(original,git)\Debug\Obj\Battery_Ctrl.o"
#        "C:\Users\admin\Documents\Git\Sugentech-Backup\Surearly_SMART-Firmware\Main_v2.0.18_alpha(original,git)\Debug\Obj\BLE_BoT_nLE521.o"
#        "C:\Users\admin\Documents\Git\Sugentech-Backup\Surearly_SMART-Firmware\Main_v2.0.18_alpha(original,git)\Debug\Obj\BLE_Ctrl.o"
#        "C:\Users\admin\Documents\Git\Sugentech-Backup\Surearly_SMART-Firmware\Main_v2.0.18_alpha(original,git)\Debug\Obj\BLE_RF_BM_4044B4.o"
#        "C:\Users\admin\Documents\Git\Sugentech-Backup\Surearly_SMART-Firmware\Main_v2.0.18_alpha(original,git)\Debug\Obj\CircularQueue.o"
#        "C:\Users\admin\Documents\Git\Sugentech-Backup\Surearly_SMART-Firmware\Main_v2.0.18_alpha(original,git)\Debug\Obj\Delay.o"
#        "C:\Users\admin\Documents\Git\Sugentech-Backup\Surearly_SMART-Firmware\Main_v2.0.18_alpha(original,git)\Debug\Obj\Device_Initial_Check.o"
#        "C:\Users\admin\Documents\Git\Sugentech-Backup\Surearly_SMART-Firmware\Main_v2.0.18_alpha(original,git)\Debug\Obj\Device_Setup.o"
#        "C:\Users\admin\Documents\Git\Sugentech-Backup\Surearly_SMART-Firmware\Main_v2.0.18_alpha(original,git)\Debug\Obj\lcd_ctrl.o"
#        "C:\Users\admin\Documents\Git\Sugentech-Backup\Surearly_SMART-Firmware\Main_v2.0.18_alpha(original,git)\Debug\Obj\led_ctrl.o"
#        "C:\Users\admin\Documents\Git\Sugentech-Backup\Surearly_SMART-Firmware\Main_v2.0.18_alpha(original,git)\Debug\Obj\main.o"
#        "C:\Users\admin\Documents\Git\Sugentech-Backup\Surearly_SMART-Firmware\Main_v2.0.18_alpha(original,git)\Debug\Obj\memory_ctrl.o"
#        "C:\Users\admin\Documents\Git\Sugentech-Backup\Surearly_SMART-Firmware\Main_v2.0.18_alpha(original,git)\Debug\Obj\Parson.o"
#        "C:\Users\admin\Documents\Git\Sugentech-Backup\Surearly_SMART-Firmware\Main_v2.0.18_alpha(original,git)\Debug\Obj\Production_Mode.o"
#        "C:\Users\admin\Documents\Git\Sugentech-Backup\Surearly_SMART-Firmware\Main_v2.0.18_alpha(original,git)\Debug\Obj\ptr_ctrl.o"
#        "C:\Users\admin\Documents\Git\Sugentech-Backup\Surearly_SMART-Firmware\Main_v2.0.18_alpha(original,git)\Debug\Obj\stm8_interrupt_vector.o"
#        "C:\Users\admin\Documents\Git\Sugentech-Backup\Surearly_SMART-Firmware\Main_v2.0.18_alpha(original,git)\Debug\Obj\stm8l15x_adc.o"
#        "C:\Users\admin\Documents\Git\Sugentech-Backup\Surearly_SMART-Firmware\Main_v2.0.18_alpha(original,git)\Debug\Obj\stm8l15x_clk.o"
#        "C:\Users\admin\Documents\Git\Sugentech-Backup\Surearly_SMART-Firmware\Main_v2.0.18_alpha(original,git)\Debug\Obj\stm8l15x_dac.o"
#        "C:\Users\admin\Documents\Git\Sugentech-Backup\Surearly_SMART-Firmware\Main_v2.0.18_alpha(original,git)\Debug\Obj\stm8l15x_dma.o"
#        "C:\Users\admin\Documents\Git\Sugentech-Backup\Surearly_SMART-Firmware\Main_v2.0.18_alpha(original,git)\Debug\Obj\stm8l15x_exti.o"
#        "C:\Users\admin\Documents\Git\Sugentech-Backup\Surearly_SMART-Firmware\Main_v2.0.18_alpha(original,git)\Debug\Obj\stm8l15x_flash.o"
#        "C:\Users\admin\Documents\Git\Sugentech-Backup\Surearly_SMART-Firmware\Main_v2.0.18_alpha(original,git)\Debug\Obj\stm8l15x_gpio.o"
#        "C:\Users\admin\Documents\Git\Sugentech-Backup\Surearly_SMART-Firmware\Main_v2.0.18_alpha(original,git)\Debug\Obj\stm8l15x_it.o"
#        "C:\Users\admin\Documents\Git\Sugentech-Backup\Surearly_SMART-Firmware\Main_v2.0.18_alpha(original,git)\Debug\Obj\stm8l15x_itc.o"
#        "C:\Users\admin\Documents\Git\Sugentech-Backup\Surearly_SMART-Firmware\Main_v2.0.18_alpha(original,git)\Debug\Obj\stm8l15x_lcd.o"
#        "C:\Users\admin\Documents\Git\Sugentech-Backup\Surearly_SMART-Firmware\Main_v2.0.18_alpha(original,git)\Debug\Obj\stm8l15x_pwr.o"
#        "C:\Users\admin\Documents\Git\Sugentech-Backup\Surearly_SMART-Firmware\Main_v2.0.18_alpha(original,git)\Debug\Obj\stm8l15x_rtc.o"
#        "C:\Users\admin\Documents\Git\Sugentech-Backup\Surearly_SMART-Firmware\Main_v2.0.18_alpha(original,git)\Debug\Obj\stm8l15x_syscfg.o"
#        "C:\Users\admin\Documents\Git\Sugentech-Backup\Surearly_SMART-Firmware\Main_v2.0.18_alpha(original,git)\Debug\Obj\stm8l15x_tim2.o"
#        "C:\Users\admin\Documents\Git\Sugentech-Backup\Surearly_SMART-Firmware\Main_v2.0.18_alpha(original,git)\Debug\Obj\stm8l15x_tim3.o"
#        "C:\Users\admin\Documents\Git\Sugentech-Backup\Surearly_SMART-Firmware\Main_v2.0.18_alpha(original,git)\Debug\Obj\stm8l15x_tim4.o"
#        "C:\Users\admin\Documents\Git\Sugentech-Backup\Surearly_SMART-Firmware\Main_v2.0.18_alpha(original,git)\Debug\Obj\stm8l15x_usart.o"
#        "C:\Users\admin\Documents\Git\Sugentech-Backup\Surearly_SMART-Firmware\Main_v2.0.18_alpha(original,git)\Debug\Obj\temperature_ctrl.o"
#        "C:\Users\admin\Documents\Git\Sugentech-Backup\Surearly_SMART-Firmware\Main_v2.0.18_alpha(original,git)\Debug\Obj\time_ctrl.o"
#        "C:\Users\admin\Documents\Git\Sugentech-Backup\Surearly_SMART-Firmware\Main_v2.0.18_alpha(original,git)\Debug\Obj\uart_ctrl.o"
#        "C:\Users\admin\Documents\Git\Sugentech-Backup\Surearly_SMART-Firmware\Main_v2.0.18_alpha(original,git)\Debug\Obj\User_Mode.o"
#        --redirect _Printf=_PrintfFull --redirect _Scanf=_ScanfSmallNoMb
#        --no_out_extension -o
#        "C:\Users\admin\Documents\Git\Sugentech-Backup\Surearly_SMART-Firmware\Main_v2.0.18_alpha(original,git)\Debug\Exe\SMART_Main_FW.out"
#        --map
#        "C:\Users\admin\Documents\Git\Sugentech-Backup\Surearly_SMART-Firmware\Main_v2.0.18_alpha(original,git)\Debug\List\SMART_Main_FW.map"
#        --config
#        "C:\Users\admin\Documents\Git\Sugentech-Backup\Surearly_SMART-Firmware\Main_v2.0.18_alpha(original,git)\linker\SMART_Main_App_lnkstm8l152c8.icf"
#        --config_def _CSTACK_SIZE=0x550 --config_def _HEAP_SIZE=0x300 --entry
#        __iar_program_start --debug_lib)
#
###############################################################################

*******************************************************************************
*** RUNTIME MODEL ATTRIBUTES
***

__Heap_Handler             = Basic
__SystemLibrary            = DLib
__code_model               = medium_or_large
__core                     = stm8
__data_model               = medium
__dlib_file_descriptor     = 1
__dlib_full_locale_support = 1
__rt_version               = 4


*******************************************************************************
*** PLACEMENT SUMMARY
***

"A0":  place at 0x000100 { block INTVECMEM };
"A1":  place at start of [0x000000-0x0000ff] { rw section .vregs };
"A2":  place at end of [0x000000-0x000fff] { block CSTACK };
"P2":  place in [from 0x000000 to 0x000fff] {
          block HEAP, rw section __DLIB_PERTHREAD, rw section .far.bss,
          rw section .far.data, rw section .far.noinit,
          rw section .far_func.textrw, rw section .huge.bss,
          rw section .huge.data, rw section .huge.noinit,
          rw section .huge_func.textrw, rw section .iar.dynexit,
          rw section .near.bss, rw section .near.data, rw section .near.noinit,
          rw section .near_func.textrw };
"A3":  place at start of [0x00a800-0x00ffff] { block INTVEC };
"P3":  place in [from 0x00a800 to 0x00ffff] {
          ro section __DLIB_PERTHREAD_init, ro section .far.data_init,
          ro section .far_func.textrw_init, ro section .huge.data_init,
          ro section .huge_func.textrw_init, ro section .iar.init_table,
          ro section .init_array, ro section .near.data_init,
          ro section .near.rodata, ro section .near_func.text,
          ro section .near_func.textrw_init, ro section .tiny.data_init,
          ro section .tiny.rodata_init };
"P4":  place in [from 0x00a800 to 0x00ffff] |
                [from 0x010000 to 0x017fff] {
          ro section .far.rodata, ro section .far_func.text };
do not initialize {
   rw section .eeprom.noinit, rw section .far.noinit, rw section .huge.noinit,
   rw section .near.noinit, rw section .tiny.noinit, rw section .vregs };
initialize by copy {
   rw section .far.bss, rw section .far.data, rw section .far_func.textrw,
   rw section .huge.bss, rw section .huge.data, rw section .huge_func.textrw,
   rw section .iar.dynexit, rw section .near.bss, rw section .near.data,
   rw section .near_func.textrw, rw section .tiny.bss, rw section .tiny.data,
   ro section .tiny.rodata };
keep { section .memvectab };

No sections matched the following patterns:

  ro section .far.data_init          in "P3"
  ro section .far.rodata             in "P4"
  ro section .huge.data_init         in "P3"
  ro section .huge.rodata            in "P5"
  ro section .huge_func.text         in "P5"
  ro section .huge_func.textrw_init  in "P3"
  ro section .iar.init_table         in "P3"
  ro section .init_array             in "P3"
  ro section .near_func.textrw_init  in "P3"
  ro section .tiny.data_init         in "P3"
  ro section .tiny.rodata_init       in "P3"
  ro section __DLIB_PERTHREAD_init   in "P3"
  rw section .far.bss                in "P2"
  rw section .far.data               in "P2"
  rw section .far.noinit             in "P2"
  rw section .huge.bss               in "P2"
  rw section .huge.data              in "P2"
  rw section .huge.noinit            in "P2"
  rw section .huge_func.textrw       in "P2"
  rw section .iar.dynexit            in "P2"
  rw section .near.noinit            in "P2"
  rw section .near_func.textrw       in "P2"
  rw section .tiny.bss               in "P1"
  rw section .tiny.data              in "P1"
  rw section .tiny.noinit            in "P1"
  rw section .tiny.rodata            in "P1"
  rw section __DLIB_PERTHREAD        in "P2"
  section .eeprom.data               in "P6-P8"
  section .eeprom.noinit             in "P6-P8"
  section .eeprom.rodata             in "P6-P8"


  Section             Kind      Address    Size  Object
  -------             ----      -------    ----  ------
"A1":                                      0x10
  .vregs              uninit   0x000000    0x10  vregs.o [4]
                             - 0x000010    0x10

"P2", part 1 of 4:                         0xe3
  .near.bss           zero     0x000010    0x86  User_Mode.o [1]
  .near.bss           zero     0x000096    0x50  xfiles.o [4]
  .near.bss           zero     0x0000e6     0xd  BLE_Ctrl.o [1]
                             - 0x0000f3    0xe3

"A0":                                      0x80
  INTVECMEM                    0x000100    0x80  <Block>
    .memvectab        zero     0x000100    0x80  stm8_interrupt_vector.o [1]
                             - 0x000180    0x80

"P2", part 2 of 4:                        0x300
  HEAP                         0x000180   0x300  <Block>
    HEAP              uninit   0x000180   0x300  <Block tail>
                             - 0x000480   0x300

"P2", part 3 of 4:                        0x131
  P2-1                         0x000480   0x131  <Init block>
    .far_func.textrw  inited   0x000480    0xcf  stm8l15x_flash.o [1]
    .near.data        inited   0x00054f     0x4  led_ctrl.o [1]
    .near.data        inited   0x000553     0x3  Parson.o [1]
    .near.data        inited   0x000556     0x3  Parson.o [1]
    .near.data        inited   0x000559     0x2  Production_Mode.o [1]
    .near.data        inited   0x00055b    0x2e  localeconv.o [4]
    .near.data        inited   0x000589    0x28  xfiles.o [4]
                             - 0x0005b1   0x131

"P2", part 4 of 4:                        0x44b
  .near.bss           zero     0x0005b1    0xf9  BLE_Ctrl.o [1]
  .near.bss           zero     0x0006aa    0xf5  BLE_Ctrl.o [1]
  .near.bss           zero     0x00079f    0xf4  BLE_BoT_nLE521.o [1]
  .near.bss           zero     0x000893    0x32  Production_Mode.o [1]
  .near.bss           zero     0x0008c5    0x31  memory_ctrl.o [1]
  .near.bss           zero     0x0008f6    0x2c  Production_Mode.o [1]
  .near.bss           zero     0x000922    0x19  Device_Setup.o [1]
  .near.bss           zero     0x00093b    0x15  BLE_Ctrl.o [1]
  .near.bss           zero     0x000950    0x10  led_ctrl.o [1]
  .near.bss           zero     0x000960     0xe  setlocale.o [4]
  .near.bss           zero     0x00096e     0xc  led_ctrl.o [1]
  .near.bss           zero     0x00097a     0xc  led_ctrl.o [1]
  .near.bss           zero     0x000986     0xa  User_Mode.o [1]
  .near.bss           zero     0x000990     0x4  BLE_Ctrl.o [1]
  .near.bss           zero     0x000994     0x4  Delay.o [1]
  .near.bss           zero     0x000998     0x4  lcd_ctrl.o [1]
  .near.bss           zero     0x00099c     0x4  lcd_ctrl.o [1]
  .near.bss           zero     0x0009a0     0x4  lcd_ctrl.o [1]
  .near.bss           zero     0x0009a4     0x4  lcd_ctrl.o [1]
  .near.bss           zero     0x0009a8     0x4  led_ctrl.o [1]
  .near.bss           zero     0x0009ac     0x4  led_ctrl.o [1]
  .near.bss           zero     0x0009b0     0x4  stm8l15x_it.o [1]
  .near.bss           zero     0x0009b4     0x4  stm8l15x_it.o [1]
  .near.bss           zero     0x0009b8     0x4  User_Mode.o [1]
  .near.bss           zero     0x0009bc     0x4  User_Mode.o [1]
  .near.bss           zero     0x0009c0     0x4  User_Mode.o [1]
  .near.bss           zero     0x0009c4     0x4  xxmemxmalloc.o [4]
  .near.bss           zero     0x0009c8     0x3  Device_Setup.o [1]
  .near.bss           zero     0x0009cb     0x3  Device_Setup.o [1]
  .near.bss           zero     0x0009ce     0x3  setlocale.o [4]
  .near.bss           zero     0x0009d1     0x3  localeconv.o [4]
  .near.bss           zero     0x0009d4     0x2  admin_mode.o [1]
  .near.bss           zero     0x0009d6     0x2  BLE_Ctrl.o [1]
  .near.bss           zero     0x0009d8     0x2  Production_Mode.o [1]
  .near.bss           zero     0x0009da     0x2  Production_Mode.o [1]
  .near.bss           zero     0x0009dc     0x2  User_Mode.o [1]
  .near.bss           zero     0x0009de     0x2  User_Mode.o [1]
  .near.bss           zero     0x0009e0     0x2  User_Mode.o [1]
  .near.bss           zero     0x0009e2     0x2  errno.o [4]
  .near.bss           zero     0x0009e4     0x2  xgetmemchunk.o [4]
  .near.bss           zero     0x0009e6     0x1  admin_mode.o [1]
  .near.bss           zero     0x0009e7     0x1  admin_mode.o [1]
  .near.bss           zero     0x0009e8     0x1  admin_mode.o [1]
  .near.bss           zero     0x0009e9     0x1  Battery_Ctrl.o [1]
  .near.bss           zero     0x0009ea     0x1  Battery_Ctrl.o [1]
  .near.bss           zero     0x0009eb     0x1  BLE_BoT_nLE521.o [1]
  .near.bss           zero     0x0009ec     0x1  BLE_Ctrl.o [1]
  .near.bss           zero     0x0009ed     0x1  Device_Setup.o [1]
  .near.bss           zero     0x0009ee     0x1  Device_Setup.o [1]
  .near.bss           zero     0x0009ef     0x1  lcd_ctrl.o [1]
  .near.bss           zero     0x0009f0     0x1  lcd_ctrl.o [1]
  .near.bss           zero     0x0009f1     0x1  led_ctrl.o [1]
  .near.bss           zero     0x0009f2     0x1  Production_Mode.o [1]
  .near.bss           zero     0x0009f3     0x1  Production_Mode.o [1]
  .near.bss           zero     0x0009f4     0x1  Production_Mode.o [1]
  .near.bss           zero     0x0009f5     0x1  User_Mode.o [1]
  .near.bss           zero     0x0009f6     0x1  User_Mode.o [1]
  .near.bss           zero     0x0009f7     0x1  User_Mode.o [1]
  .near.bss           zero     0x0009f8     0x1  User_Mode.o [1]
  .near.bss           zero     0x0009f9     0x1  User_Mode.o [1]
  .near.bss           zero     0x0009fa     0x1  User_Mode.o [1]
  .near.bss           zero     0x0009fb     0x1  User_Mode.o [1]
                             - 0x0009fc   0x44b

"A2":                                     0x550
  CSTACK                       0x000ab0   0x550  <Block>
    CSTACK            uninit   0x000ab0   0x550  <Block tail>
                             - 0x001000   0x550

"A3":                                      0x80
  INTVEC                       0x00a800    0x80  <Block>
    .intvec           const    0x00a800    0x80  interrupt.o [4]
                             - 0x00a880    0x80

"P3":                                     0xe6f
  Initializer bytes   const    0x00a880   0x131  <for P2-1>
  .near.rodata        const    0x00a9b1    0xc3  API_Message_Ctrl.o [1]
  .near.rodata        const    0x00aa74    0x8c  API_Message_Ctrl.o [1]
  .near.rodata        const    0x00ab00    0x80  stm8_interrupt_vector.o [1]
  .near.rodata        const    0x00ab80    0x7a  API_Message_Ctrl.o [1]
  .near.rodata        const    0x00abfa    0x70  API_Message_Ctrl.o [1]
  .near.rodata        const    0x00ac6a    0x69  API_Message_Ctrl.o [1]
  .near.rodata        const    0x00acd3    0x57  API_Message_Ctrl.o [1]
  .near.rodata        const    0x00ad2a    0x51  API_Message_Ctrl.o [1]
  .near.rodata        const    0x00ad7b    0x48  API_Message_Ctrl.o [1]
  .near_func.text     const    0x00adc3    0x3c  xprintffull.o [4]
  .near.rodata        const    0x00adff    0x3b  API_Message_Ctrl.o [1]
  .near.rodata        const    0x00ae3a    0x37  API_Message_Ctrl.o [1]
  .near.rodata        const    0x00ae71    0x31  admin_mode.o [1]
  .near.rodata        const    0x00aea2    0x31  admin_mode.o [1]
  .near.rodata        const    0x00aed3    0x31  Production_Mode.o [1]
  .near.rodata        const    0x00af04    0x29  admin_mode.o [1]
  .near.rodata        const    0x00af2d    0x27  admin_mode.o [1]
  .near.rodata        const    0x00af54    0x27  BLE_BoT_nLE521.o [1]
  .near.rodata        const    0x00af7b    0x26  admin_mode.o [1]
  .near.rodata        const    0x00afa1    0x25  admin_mode.o [1]
  .near.rodata        const    0x00afc6    0x24  admin_mode.o [1]
  .near.rodata        const    0x00afea    0x22  lcd_ctrl.o [1]
  .near.rodata        const    0x00b00c    0x21  admin_mode.o [1]
  .near.rodata        const    0x00b02d    0x21  admin_mode.o [1]
  .near.rodata        const    0x00b04e    0x21  admin_mode.o [1]
  .iar.init_table     const    0x00b06f    0x1c  - Linker created -
  .near.rodata        const    0x00b08b    0x20  API_Message_Ctrl.o [1]
  .near.rodata        const    0x00b0ab    0x1f  admin_mode.o [1]
  .near.rodata        const    0x00b0ca    0x1f  BLE_BoT_nLE521.o [1]
  .near.rodata        const    0x00b0e9    0x1e  admin_mode.o [1]
  .near.rodata        const    0x00b107    0x1e  admin_mode.o [1]
  .near.rodata        const    0x00b125    0x1d  admin_mode.o [1]
  .near.rodata        const    0x00b142    0x1d  API_Message_Ctrl.o [1]
  .near.rodata        const    0x00b15f    0x1c  admin_mode.o [1]
  .near.rodata        const    0x00b17b    0x1c  admin_mode.o [1]
  .near.rodata        const    0x00b197    0x1b  admin_mode.o [1]
  .near.rodata        const    0x00b1b2    0x1a  admin_mode.o [1]
  .near.rodata        const    0x00b1cc    0x19  admin_mode.o [1]
  .near.rodata        const    0x00b1e5    0x19  admin_mode.o [1]
  .near.rodata        const    0x00b1fe    0x18  admin_mode.o [1]
  .near.rodata        const    0x00b216    0x18  admin_mode.o [1]
  .near.rodata        const    0x00b22e    0x18  BLE_BoT_nLE521.o [1]
  .near.rodata        const    0x00b246    0x18  xdtento.o [4]
  .near.rodata        const    0x00b25e    0x17  admin_mode.o [1]
  .near.rodata        const    0x00b275    0x17  admin_mode.o [1]
  .near.rodata        const    0x00b28c    0x17  xstoxflt.o [4]
  .near.rodata        const    0x00b2a3    0x16  xstoxflt.o [4]
  .near.rodata        const    0x00b2b9    0x15  admin_mode.o [1]
  .near.rodata        const    0x00b2ce    0x15  BLE_Ctrl.o [1]
  .near.rodata        const    0x00b2e3    0x14  BLE_BoT_nLE521.o [1]
  .near.rodata        const    0x00b2f7    0x14  BLE_BoT_nLE521.o [1]
  .near.rodata        const    0x00b30b    0x14  main.o [1]
  .near.rodata        const    0x00b31f    0x13  admin_mode.o [1]
  .near.rodata        const    0x00b332    0x13  admin_mode.o [1]
  .near.rodata        const    0x00b345    0x13  API_Message_Ctrl.o [1]
  .near.rodata        const    0x00b358    0x12  admin_mode.o [1]
  .near.rodata        const    0x00b36a    0x12  BLE_BoT_nLE521.o [1]
  .near.rodata        const    0x00b37c    0x11  admin_mode.o [1]
  .near.rodata        const    0x00b38d    0x11  admin_mode.o [1]
  .near.rodata        const    0x00b39e    0x11  admin_mode.o [1]
  .near.rodata        const    0x00b3af    0x11  BLE_Ctrl.o [1]
  .near.rodata        const    0x00b3c0    0x10  Device_Initial_Check.o [1]
  .near.rodata        const    0x00b3d0     0xf  admin_mode.o [1]
  .near.rodata        const    0x00b3df     0xf  admin_mode.o [1]
  .near.rodata        const    0x00b3ee     0xf  API_Message_Ctrl.o [1]
  .near.rodata        const    0x00b3fd     0xe  admin_mode.o [1]
  .near.rodata        const    0x00b40b     0xe  admin_mode.o [1]
  .near.rodata        const    0x00b419     0xe  BLE_BoT_nLE521.o [1]
  .near.rodata        const    0x00b427     0xd  admin_mode.o [1]
  .near.rodata        const    0x00b434     0xd  admin_mode.o [1]
  .near.rodata        const    0x00b441     0xd  API_Message_Ctrl.o [1]
  .near.rodata        const    0x00b44e     0xd  API_Message_Ctrl.o [1]
  .near.rodata        const    0x00b45b     0xd  API_Message_Ctrl.o [1]
  .near.rodata        const    0x00b468     0xd  API_Message_Ctrl.o [1]
  .near.rodata        const    0x00b475     0xd  API_Message_Ctrl.o [1]
  .near.rodata        const    0x00b482     0xd  BLE_BoT_nLE521.o [1]
  .near.rodata        const    0x00b48f     0xd  BLE_BoT_nLE521.o [1]
  .near.rodata        const    0x00b49c     0xc  admin_mode.o [1]
  .near.rodata        const    0x00b4a8     0xc  admin_mode.o [1]
  .near.rodata        const    0x00b4b4     0xc  API_Message_Ctrl.o [1]
  .near.rodata        const    0x00b4c0     0xc  API_Message_Ctrl.o [1]
  .near.rodata        const    0x00b4cc     0xc  API_Message_Ctrl.o [1]
  .near.rodata        const    0x00b4d8     0xc  API_Message_Ctrl.o [1]
  .near.rodata        const    0x00b4e4     0xc  API_Message_Ctrl.o [1]
  .near.rodata        const    0x00b4f0     0xb  admin_mode.o [1]
  .near.rodata        const    0x00b4fb     0xb  API_Message_Ctrl.o [1]
  .near.rodata        const    0x00b506     0xb  API_Message_Ctrl.o [1]
  .near.rodata        const    0x00b511     0xb  API_Message_Ctrl.o [1]
  .near.rodata        const    0x00b51c     0xb  API_Message_Ctrl.o [1]
  .near.rodata        const    0x00b527     0xb  API_Message_Ctrl.o [1]
  .near.rodata        const    0x00b532     0xa  API_Message_Ctrl.o [1]
  .near.rodata        const    0x00b53c     0xa  API_Message_Ctrl.o [1]
  .near.rodata        const    0x00b546     0xa  BLE_BoT_nLE521.o [1]
  .near.rodata        const    0x00b550     0xa  BLE_BoT_nLE521.o [1]
  .near.rodata        const    0x00b55a     0xa  BLE_Ctrl.o [1]
  .near.rodata        const    0x00b564     0xa  Production_Mode.o [1]
  .near.rodata        const    0x00b56e     0x9  API_Message_Ctrl.o [1]
  .near.rodata        const    0x00b577     0x9  API_Message_Ctrl.o [1]
  .near.rodata        const    0x00b580     0x9  API_Message_Ctrl.o [1]
  .near.rodata        const    0x00b589     0x9  API_Message_Ctrl.o [1]
  .near.rodata        const    0x00b592     0x9  API_Message_Ctrl.o [1]
  .near.rodata        const    0x00b59b     0x9  API_Message_Ctrl.o [1]
  .near.rodata        const    0x00b5a4     0x9  API_Message_Ctrl.o [1]
  .near.rodata        const    0x00b5ad     0x9  API_Message_Ctrl.o [1]
  .near.rodata        const    0x00b5b6     0x9  API_Message_Ctrl.o [1]
  .near.rodata        const    0x00b5bf     0x9  BLE_BoT_nLE521.o [1]
  .near.rodata        const    0x00b5c8     0x8  admin_mode.o [1]
  .near.rodata        const    0x00b5d0     0x8  API_Message_Ctrl.o [1]
  .near.rodata        const    0x00b5d8     0x8  BLE_BoT_nLE521.o [1]
  .near.rodata        const    0x00b5e0     0x8  led_ctrl.o [1]
  .near.rodata        const    0x00b5e8     0x8  xprintffull.o [4]
  .near.rodata        const    0x00b5f0     0x8  xprintffull.o [4]
  .near.rodata        const    0x00b5f8     0x8  xencoding_sb.o [4]
  .near.rodata        const    0x00b600     0x8  xencoding_sb.o [4]
  .near.rodata        const    0x00b608     0x7  API_Message_Ctrl.o [1]
  .near.rodata        const    0x00b60f     0x7  API_Message_Ctrl.o [1]
  .near.rodata        const    0x00b616     0x7  API_Message_Ctrl.o [1]
  .near.rodata        const    0x00b61d     0x7  BLE_Ctrl.o [1]
  .near.rodata        const    0x00b624     0x7  xprintffull.o [4]
  .near.rodata        const    0x00b62b     0x6  admin_mode.o [1]
  .near.rodata        const    0x00b631     0x6  admin_mode.o [1]
  .near.rodata        const    0x00b637     0x6  API_Message_Ctrl.o [1]
  .near.rodata        const    0x00b63d     0x6  API_Message_Ctrl.o [1]
  .near.rodata        const    0x00b643     0x6  API_Message_Ctrl.o [1]
  .near.rodata        const    0x00b649     0x6  API_Message_Ctrl.o [1]
  .near.rodata        const    0x00b64f     0x6  API_Message_Ctrl.o [1]
  .near.rodata        const    0x00b655     0x6  BLE_BoT_nLE521.o [1]
  .near.rodata        const    0x00b65b     0x6  Parson.o [1]
  .near.rodata        const    0x00b661     0x6  Production_Mode.o [1]
  .near.rodata        const    0x00b667     0x6  localeconv.o [4]
  .near.rodata        const    0x00b66d     0x5  admin_mode.o [1]
  .near.rodata        const    0x00b672     0x5  API_Message_Ctrl.o [1]
  .near.rodata        const    0x00b677     0x5  API_Message_Ctrl.o [1]
  .near.rodata        const    0x00b67c     0x5  API_Message_Ctrl.o [1]
  .near.rodata        const    0x00b681     0x5  API_Message_Ctrl.o [1]
  .near.rodata        const    0x00b686     0x5  API_Message_Ctrl.o [1]
  .near.rodata        const    0x00b68b     0x5  API_Message_Ctrl.o [1]
  .near.rodata        const    0x00b690     0x5  BLE_BoT_nLE521.o [1]
  .near.rodata        const    0x00b695     0x5  BLE_Ctrl.o [1]
  .near.rodata        const    0x00b69a     0x5  BLE_Ctrl.o [1]
  .near.rodata        const    0x00b69f     0x5  Parson.o [1]
  .near.rodata        const    0x00b6a4     0x5  Parson.o [1]
  .near.rodata        const    0x00b6a9     0x5  Production_Mode.o [1]
  .near.rodata        const    0x00b6ae     0x5  stm8l15x_clk.o [1]
  .near.rodata        const    0x00b6b3     0x5  localeconv.o [4]
  .near.rodata        const    0x00b6b8     0x4  admin_mode.o [1]
  .near.rodata        const    0x00b6bc     0x4  API_Message_Ctrl.o [1]
  .near.rodata        const    0x00b6c0     0x4  API_Message_Ctrl.o [1]
  .near.rodata        const    0x00b6c4     0x4  BLE_BoT_nLE521.o [1]
  .near.rodata        const    0x00b6c8     0x4  led_ctrl.o [1]
  .near.rodata        const    0x00b6cc     0x4  xprintffull.o [4]
  .near.rodata        const    0x00b6d0     0x4  xprintffull.o [4]
  .near.rodata        const    0x00b6d4     0x4  xprintffull.o [4]
  .near.rodata        const    0x00b6d8     0x4  xprintffull.o [4]
  .near.rodata        const    0x00b6dc     0x3  admin_mode.o [1]
  .near.rodata        const    0x00b6df     0x3  memory_ctrl.o [1]
  .near.rodata        const    0x00b6e2     0x3  Parson.o [1]
  .near.rodata        const    0x00b6e5     0x3  Parson.o [1]
  .near.rodata        const    0x00b6e8     0x2  xprintffull.o [4]
  .near.rodata        const    0x00b6ea     0x2  localeconv.o [4]
  .near.rodata        const    0x00b6ec     0x1  stm8l15x_it.o [1]
  .near.rodata        const    0x00b6ed     0x1  stm8l15x_it.o [1]
  .near.rodata        const    0x00b6ee     0x1  localeconv.o [4]
                             - 0x00b6ef   0xe6f

"P4", part 1 of 2:                       0x43d9
  .far_func.text      ro code  0x00b6ef   0x6d4  API_Message_Ctrl.o [1]
  .far_func.text      ro code  0x00bdc3   0x525  float.o [4]
  .far_func.text      ro code  0x00c2e8   0x518  xprintffull.o [4]
  .far_func.text      ro code  0x00c800   0x47a  xprintffull.o [4]
  .far_func.text      ro code  0x00cc7a   0x45f  API_Message_Ctrl.o [1]
  .far_func.text      ro code  0x00d0d9   0x3dc  xprintffull.o [4]
  .far_func.text      ro code  0x00d4b5   0x3b1  xprintffull.o [4]
  .far_func.text      ro code  0x00d866   0x374  pow.o [4]
  .far_func.text      ro code  0x00dbda   0x2b4  xstoflt.o [4]
  .far_func.text      ro code  0x00de8e   0x2ad  API_Message_Ctrl.o [1]
  .far_func.text      ro code  0x00e13b   0x2a3  xstoxflt.o [4]
  .far_func.text      ro code  0x00e3de   0x26b  xexp.o [4]
  .far_func.text      ro code  0x00e649   0x236  long.o [4]
  .far_func.text      ro code  0x00e87f   0x223  lcd_ctrl.o [1]
  .far_func.text      ro code  0x00eaa2   0x214  vreg_util.o [4]
  .far_func.text      ro code  0x00ecb6   0x20e  BLE_BoT_nLE521.o [1]
  .far_func.text      ro code  0x00eec4   0x20e  main.o [1]
  .far_func.text      ro code  0x00f0d2    0x23  stm8l15x_adc.o [1]
  .far_func.text      ro code  0x00f0f5    0x22  stm8l15x_exti.o [1]
  .far_func.text      ro code  0x00f117    0x22  xwctomb.o [4]
  .far_func.text      ro code  0x00f139    0x21  admin_mode.o [1]
  .far_func.text      ro code  0x00f15a    0x21  stm8l15x_tim4.o [1]
  .far_func.text      ro code  0x00f17b    0x21  xlocale_c.o [4]
  .far_func.text      ro code  0x00f19c    0x21  memchr.o [4]
  .far_func.text      ro code  0x00f1bd    0x20  Device_Setup.o [1]
  .far_func.text      ro code  0x00f1dd    0x20  led_ctrl.o [1]
  .far_func.text      ro code  0x00f1fd    0x20  memcpy.o [4]
  .far_func.text      ro code  0x00f21d    0x1f  xprout.o [4]
  .far_func.text      ro code  0x00f23c    0x1e  Parson.o [1]
  .far_func.text      ro code  0x00f25a    0x1e  Parson.o [1]
  .far_func.text      ro code  0x00f278    0x1e  Parson.o [1]
  .far_func.text      ro code  0x00f296    0x1e  stm8l15x_dac.o [1]
  .far_func.text      ro code  0x00f2b4    0x1e  init.o [4]
  .far_func.text      ro code  0x00f2d2    0x1e  init_small.o [4]
  .far_func.text      ro code  0x00f2f0    0x1d  Device_Setup.o [1]
  .far_func.text      ro code  0x00f30d    0x1d  Device_Setup.o [1]
  .far_func.text      ro code  0x00f32a    0x1d  led_ctrl.o [1]
  .far_func.text      ro code  0x00f347    0x1d  ptr_ctrl.o [1]
  .far_func.text      ro code  0x00f364    0x1d  stm8l15x_adc.o [1]
  .far_func.text      ro code  0x00f381    0x1c  BLE_BoT_nLE521.o [1]
  .far_func.text      ro code  0x00f39d    0x1c  Production_Mode.o [1]
  .far_func.text      ro code  0x00f3b9    0x1a  Parson.o [1]
  .far_func.text      ro code  0x00f3d3    0x1a  Parson.o [1]
  .far_func.text      ro code  0x00f3ed    0x1a  Parson.o [1]
  .far_func.text      ro code  0x00f407    0x1a  stm8l15x_clk.o [1]
  .far_func.text      ro code  0x00f421    0x1a  setlocale.o [4]
  .far_func.text      ro code  0x00f43b    0x19  Device_Setup.o [1]
  .far_func.text      ro code  0x00f454    0x19  Device_Setup.o [1]
  .far_func.text      ro code  0x00f46d    0x19  stm8l15x_flash.o [1]
  .far_func.text      ro code  0x00f486    0x19  strrchr.o [4]
  .far_func.text      ro code  0x00f49f    0x19  xgetmemchunk.o [4]
  .far_func.text      ro code  0x00f4b8    0x18  BLE_BoT_nLE521.o [1]
  .far_func.text      ro code  0x00f4d0    0x18  led_ctrl.o [1]
  .far_func.text      ro code  0x00f4e8    0x18  stm8l15x_flash.o [1]
  .far_func.text      ro code  0x00f500    0x18  xlocale_c.o [4]
  .far_func.text      ro code  0x00f518    0x18  xencoding_sb.o [4]
  .far_func.text      ro code  0x00f530    0x17  cstartup.o [4]
  .far_func.text      ro code  0x00f547    0x16  API_Message_Ctrl.o [1]
  .far_func.text      ro code  0x00f55d    0x16  memory_ctrl.o [1]
  .far_func.text      ro code  0x00f573    0x16  Parson.o [1]
  .far_func.text      ro code  0x00f589    0x16  Parson.o [1]
  .far_func.text      ro code  0x00f59f    0x16  memset.o [4]
  .far_func.text      ro code  0x00f5b5    0x16  xstoxflt.o [4]
  .far_func.text      ro code  0x00f5cb    0x16  __dbg_xxexit.o [3]
  .far_func.text      ro code  0x00f5e1    0x15  Device_Setup.o [1]
  .far_func.text      ro code  0x00f5f6    0x15  strchr.o [4]
  .far_func.text      ro code  0x00f60b    0x14  Device_Initial_Check.o [1]
  .far_func.text      ro code  0x00f61f    0x14  led_ctrl.o [1]
  .far_func.text      ro code  0x00f633    0x14  memory_ctrl.o [1]
  .far_func.text      ro code  0x00f647    0x13  stm8l15x_clk.o [1]
  .far_func.text      ro code  0x00f65a    0x13  stm8l15x_clk.o [1]
  .far_func.text      ro code  0x00f66d    0x13  stm8l15x_gpio.o [1]
  .far_func.text      ro code  0x00f680    0x13  stm8l15x_lcd.o [1]
  .far_func.text      ro code  0x00f693    0x13  stm8l15x_lcd.o [1]
  .far_func.text      ro code  0x00f6a6    0x13  stm8l15x_lcd.o [1]
  .far_func.text      ro code  0x00f6b9    0x12  CircularQueue.o [1]
  .far_func.text      ro code  0x00f6cb    0x12  stm8l15x_gpio.o [1]
  .far_func.text      ro code  0x00f6dd    0x12  setlocale.o [4]
  .far_func.text      ro code  0x00f6ef    0x11  stm8l15x_adc.o [1]
  .far_func.text      ro code  0x00f700    0x10  BLE_Ctrl.o [1]
  .far_func.text      ro code  0x00f710    0x10  stm8l15x_lcd.o [1]
  .far_func.text      ro code  0x00f720    0x10  stm8l15x_lcd.o [1]
  .far_func.text      ro code  0x00f730    0x10  isxxx.o [4]
  .far_func.text      ro code  0x00f740    0x10  isxxx.o [4]
  .far_func.text      ro code  0x00f750    0x10  xlocale_c.o [4]
  .far_func.text      ro code  0x00f760    0x10  xlocale_c.o [4]
  .far_func.text      ro code  0x00f770    0x10  isdigit.o [4]
  .far_func.text      ro code  0x00f780     0xf  CircularQueue.o [1]
  .far_func.text      ro code  0x00f78f     0xf  stm8l15x_flash.o [1]
  .far_func.text      ro code  0x00f79e     0xf  stm8l15x_lcd.o [1]
  .far_func.text      ro code  0x00f7ad     0xf  setlocale.o [4]
  .far_func.text      ro code  0x00f7bc     0xe  CircularQueue.o [1]
  .far_func.text      ro code  0x00f7ca     0xe  led_ctrl.o [1]
  .far_func.text      ro code  0x00f7d8     0xe  stm8l15x_adc.o [1]
  .far_func.text      ro code  0x00f7e6     0xe  stm8l15x_adc.o [1]
  .far_func.text      ro code  0x00f7f4     0xe  stm8l15x_clk.o [1]
  .far_func.text      ro code  0x00f802     0xe  stm8l15x_clk.o [1]
  .far_func.text      ro code  0x00f810     0xe  stm8l15x_clk.o [1]
  .far_func.text      ro code  0x00f81e     0xe  stm8l15x_lcd.o [1]
  .far_func.text      ro code  0x00f82c     0xe  stm8l15x_pwr.o [1]
  .far_func.text      ro code  0x00f83a     0xe  xprintffull.o [4]
  .far_func.text      ro code  0x00f848     0xe  localeconv.o [4]
  .far_func.text      ro code  0x00f856     0xe  localeconv.o [4]
  .far_func.text      ro code  0x00f864     0xe  xstoflt.o [4]
  .far_func.text      ro code  0x00f872     0xe  xdtento.o [4]
  .far_func.text      ro code  0x00f880     0xd  led_ctrl.o [1]
  .far_func.text      ro code  0x00f88d     0xd  stm8l15x_adc.o [1]
  .far_func.text      ro code  0x00f89a     0xd  stm8l15x_flash.o [1]
  .far_func.text      ro code  0x00f8a7     0xd  move.o [4]
  .far_func.text      ro code  0x00f8b4     0xd  strlen.o [4]
  .far_func.text      ro code  0x00f8c1     0xd  strtod.o [4]
  .far_func.text      ro code  0x00f8ce     0xd  xdtento.o [4]
  .far_func.text      ro code  0x00f8db     0xc  BLE_Ctrl.o [1]
  .far_func.text      ro code  0x00f8e7     0xc  stm8l15x_flash.o [1]
  .far_func.text      ro code  0x00f8f3     0xc  xprintffull.o [4]
  .far_func.text      ro code  0x00f8ff     0xc  xlog.o [4]
  .far_func.text      ro code  0x00f90b     0xc  switch.o [4]
  .far_func.text      ro code  0x00f917     0xb  Parson.o [1]
  .far_func.text      ro code  0x00f922     0xb  Parson.o [1]
  .far_func.text      ro code  0x00f92d     0xb  Parson.o [1]
  .far_func.text      ro code  0x00f938     0xb  stm8l15x_flash.o [1]
  .far_func.text      ro code  0x00f943     0xb  isxxx.o [4]
  .far_func.text      ro code  0x00f94e     0xb  xprintffull.o [4]
  .far_func.text      ro code  0x00f959     0xb  xsprout.o [4]
  .far_func.text      ro code  0x00f964     0xb  setlocale.o [4]
  .far_func.text      ro code  0x00f96f     0xb  localeconv.o [4]
  .far_func.text      ro code  0x00f97a     0xa  main.o [1]
  .far_func.text      ro code  0x00f984     0xa  stm8l15x_clk.o [1]
  .far_func.text      ro code  0x00f98e     0xa  far.o [4]
  .far_func.text      ro code  0x00f998     0x9  admin_mode.o [1]
  .far_func.text      ro code  0x00f9a1     0x9  BLE_Ctrl.o [1]
  .far_func.text      ro code  0x00f9aa     0x9  stm8l15x_tim2.o [1]
  .far_func.text      ro code  0x00f9b3     0x9  stm8l15x_tim3.o [1]
  .far_func.text      ro code  0x00f9bc     0x9  stm8l15x_tim4.o [1]
  .far_func.text      ro code  0x00f9c5     0x9  xprintffull.o [4]
  .far_func.text      ro code  0x00f9ce     0x9  xprintffull.o [4]
  .far_func.text      ro code  0x00f9d7     0x9  xstoflt.o [4]
  .far_func.text      ro code  0x00f9e0     0x8  BLE_BoT_nLE521.o [1]
  .far_func.text      ro code  0x00f9e8     0x8  ptr_ctrl.o [1]
  .far_func.text      ro code  0x00f9f0     0x8  User_Mode.o [1]
  .far_func.text      ro code  0x00f9f8     0x8  xprintffull.o [4]
  .far_func.text      ro code  0x00fa00     0x8  xprintffull.o [4]
  .far_func.text      ro code  0x00fa08     0x8  putchar.o [4]
  .far_func.text      ro code  0x00fa10     0x8  xstoflt.o [4]
  .far_func.text      ro code  0x00fa18     0x8  xstoflt.o [4]
  .far_func.text      ro code  0x00fa20     0x8  xstoxflt.o [4]
  .far_func.text      ro code  0x00fa28     0x8  xstoxflt.o [4]
  .far_func.text      ro code  0x00fa30     0x7  BLE_Ctrl.o [1]
  .far_func.text      ro code  0x00fa37     0x7  memory_ctrl.o [1]
  .far_func.text      ro code  0x00fa3e     0x7  stm8l15x_gpio.o [1]
  .far_func.text      ro code  0x00fa45     0x7  xprintffull.o [4]
  .far_func.text      ro code  0x00fa4c     0x7  xmbcurmax.o [4]
  .far_func.text      ro code  0x00fa53     0x6  xprintffull.o [4]
  .far_func.text      ro code  0x00fa59     0x6  cexit.o [4]
  .far_func.text      ro code  0x00fa5f     0x5  BLE_Ctrl.o [1]
  .far_func.text      ro code  0x00fa64     0x5  BLE_Ctrl.o [1]
  .far_func.text      ro code  0x00fa69     0x5  BLE_Ctrl.o [1]
  .far_func.text      ro code  0x00fa6e     0x5  BLE_Ctrl.o [1]
  .far_func.text      ro code  0x00fa73     0x5  BLE_Ctrl.o [1]
  .far_func.text      ro code  0x00fa78     0x5  BLE_Ctrl.o [1]
  .far_func.text      ro code  0x00fa7d     0x5  led_ctrl.o [1]
  .far_func.text      ro code  0x00fa82     0x5  stm8l15x_adc.o [1]
  .far_func.text      ro code  0x00fa87     0x5  stm8l15x_flash.o [1]
  .far_func.text      ro code  0x00fa8c     0x5  stm8l15x_usart.o [1]
  .far_func.text      ro code  0x00fa91     0x5  stm8l15x_usart.o [1]
  .far_func.text      ro code  0x00fa96     0x5  xprintffull.o [4]
  .far_func.text      ro code  0x00fa9b     0x4  exit.o [4]
  .far_func.text      ro code  0x00fa9f     0x4  xstoxflt.o [4]
  .far_func.text      ro code  0x00faa3     0x3  low_level_init.o [4]
  .far_func.text      ro code  0x00faa6     0x3  unhandled_exception.o [4]
  .far_func.text      ro code  0x00faa9     0x2  Parson.o [1]
  .far_func.text      ro code  0x00faab     0x2  Parson.o [1]
  .far_func.text      ro code  0x00faad     0x1  stm8l15x_it.o [1]
  .far_func.text      ro code  0x00faae     0x1  stm8l15x_it.o [1]
  .far_func.text      ro code  0x00faaf     0x1  stm8l15x_it.o [1]
  .far_func.text      ro code  0x00fab0     0x1  stm8l15x_it.o [1]
  .far_func.text      ro code  0x00fab1     0x1  stm8l15x_it.o [1]
  .far_func.text      ro code  0x00fab2     0x1  stm8l15x_it.o [1]
  .far_func.text      ro code  0x00fab3     0x1  stm8l15x_it.o [1]
  .far_func.text      ro code  0x00fab4     0x1  stm8l15x_it.o [1]
  .far_func.text      ro code  0x00fab5     0x1  stm8l15x_it.o [1]
  .far_func.text      ro code  0x00fab6     0x1  stm8l15x_it.o [1]
  .far_func.text      ro code  0x00fab7     0x1  stm8l15x_it.o [1]
  .far_func.text      ro code  0x00fab8     0x1  stm8l15x_it.o [1]
  .far_func.text      ro code  0x00fab9     0x1  stm8l15x_it.o [1]
  .far_func.text      ro code  0x00faba     0x1  stm8l15x_it.o [1]
  .far_func.text      ro code  0x00fabb     0x1  stm8l15x_it.o [1]
  .far_func.text      ro code  0x00fabc     0x1  stm8l15x_it.o [1]
  .far_func.text      ro code  0x00fabd     0x1  stm8l15x_it.o [1]
  .far_func.text      ro code  0x00fabe     0x1  stm8l15x_it.o [1]
  .far_func.text      ro code  0x00fabf     0x1  stm8l15x_it.o [1]
  .far_func.text      ro code  0x00fac0     0x1  stm8l15x_it.o [1]
  .far_func.text      ro code  0x00fac1     0x1  stm8l15x_it.o [1]
  .far_func.text      ro code  0x00fac2     0x1  stm8l15x_it.o [1]
  .far_func.text      ro code  0x00fac3     0x1  stm8l15x_it.o [1]
  .far_func.text      ro code  0x00fac4     0x1  stm8l15x_it.o [1]
  .far_func.text      ro code  0x00fac5     0x1  stm8l15x_it.o [1]
  .far_func.text      ro code  0x00fac6     0x1  stm8l15x_it.o [1]
  .far_func.text      ro code  0x00fac7     0x1  __dbg_break.o [3]
                             - 0x00fac8  0x43d9

"P4", part 2 of 2:                       0x666b
  .far_func.text      ro code  0x010000   0x20a  API_Message_Ctrl.o [1]
  .far_func.text      ro code  0x01020a   0x1c6  Parson.o [1]
  .far_func.text      ro code  0x0103d0   0x1a0  xdtento.o [4]
  .far_func.text      ro code  0x010570   0x196  xstod.o [4]
  .far_func.text      ro code  0x010706   0x194  User_Mode.o [1]
  .far_func.text      ro code  0x01089a   0x187  led_ctrl.o [1]
  .far_func.text      ro code  0x010a21   0x187  Parson.o [1]
  .far_func.text      ro code  0x010ba8   0x187  User_Mode.o [1]
  .far_func.text      ro code  0x010d2f   0x182  float_libsup.o [4]
  .far_func.text      ro code  0x010eb1   0x181  xprintffull.o [4]
  .far_func.text      ro code  0x011032   0x176  stm8l15x_it.o [1]
  .far_func.text      ro code  0x0111a8   0x16d  Production_Mode.o [1]
  .far_func.text      ro code  0x011315   0x163  BLE_BoT_nLE521.o [1]
  .far_func.text      ro code  0x011478   0x158  User_Mode.o [1]
  .far_func.text      ro code  0x0115d0   0x157  Parson.o [1]
  .far_func.text      ro code  0x011727   0x14d  stm8l15x_itc.o [1]
  .far_func.text      ro code  0x011874   0x14c  BLE_Ctrl.o [1]
  .far_func.text      ro code  0x0119c0   0x143  xstopfx.o [4]
  .far_func.text      ro code  0x011b03   0x13d  BLE_Ctrl.o [1]
  .far_func.text      ro code  0x011c40   0x135  Battery_Ctrl.o [1]
  .far_func.text      ro code  0x011d75   0x135  Parson.o [1]
  .far_func.text      ro code  0x011eaa   0x134  lcd_ctrl.o [1]
  .far_func.text      ro code  0x011fde   0x12a  admin_mode.o [1]
  .far_func.text      ro code  0x012108   0x127  stm8l15x_exti.o [1]
  .far_func.text      ro code  0x01222f   0x125  Parson.o [1]
  .far_func.text      ro code  0x012354   0x11c  lcd_ctrl.o [1]
  .far_func.text      ro code  0x012470   0x117  Production_Mode.o [1]
  .far_func.text      ro code  0x012587   0x102  lcd_ctrl.o [1]
  .far_func.text      ro code  0x012689    0xfd  stm8l15x_it.o [1]
  .far_func.text      ro code  0x012786    0xfc  Parson.o [1]
  .far_func.text      ro code  0x012882    0xf3  User_Mode.o [1]
  .far_func.text      ro code  0x012975    0xec  Device_Setup.o [1]
  .far_func.text      ro code  0x012a61    0xdf  Production_Mode.o [1]
  .far_func.text      ro code  0x012b40    0xdd  admin_mode.o [1]
  .far_func.text      ro code  0x012c1d    0xd9  User_Mode.o [1]
  .far_func.text      ro code  0x012cf6    0xd8  stm8l15x_usart.o [1]
  .far_func.text      ro code  0x012dce    0xd8  xxmemxfree.o [4]
  .far_func.text      ro code  0x012ea6    0xd4  User_Mode.o [1]
  .far_func.text      ro code  0x012f7a    0xcd  User_Mode.o [1]
  .far_func.text      ro code  0x013047    0xc9  xdint.o [4]
  .far_func.text      ro code  0x013110    0xc6  User_Mode.o [1]
  .far_func.text      ro code  0x0131d6    0xbf  admin_mode.o [1]
  .far_func.text      ro code  0x013295    0xbd  Device_Setup.o [1]
  .far_func.text      ro code  0x013352    0xbc  temperature_ctrl.o [1]
  .far_func.text      ro code  0x01340e    0xba  API_Message_Ctrl.o [1]
  .far_func.text      ro code  0x0134c8    0xba  ptr_ctrl.o [1]
  .far_func.text      ro code  0x013582    0xb5  admin_mode.o [1]
  .far_func.text      ro code  0x013637    0xb5  Device_Setup.o [1]
  .far_func.text      ro code  0x0136ec    0xaa  Parson.o [1]
  .far_func.text      ro code  0x013796    0xa7  BLE_BoT_nLE521.o [1]
  .far_func.text      ro code  0x01383d    0xa7  Parson.o [1]
  .far_func.text      ro code  0x0138e4    0xa1  led_ctrl.o [1]
  .far_func.text      ro code  0x013985    0xa0  Production_Mode.o [1]
  .far_func.text      ro code  0x013a25    0x9c  stm8l15x_clk.o [1]
  .far_func.text      ro code  0x013ac1    0x97  xxmemxmalloc.o [4]
  .far_func.text      ro code  0x013b58    0x96  long_util.o [4]
  .far_func.text      ro code  0x013bee    0x95  stm8l15x_usart.o [1]
  .far_func.text      ro code  0x013c83    0x94  stm8l15x_clk.o [1]
  .far_func.text      ro code  0x013d17    0x93  User_Mode.o [1]
  .far_func.text      ro code  0x013daa    0x90  uart_ctrl.o [1]
  .far_func.text      ro code  0x013e3a    0x8f  Parson.o [1]
  .far_func.text      ro code  0x013ec9    0x8e  stm8l15x_gpio.o [1]
  .far_func.text      ro code  0x013f57    0x8b  Parson.o [1]
  .far_func.text      ro code  0x013fe2    0x88  Parson.o [1]
  .far_func.text      ro code  0x01406a    0x87  stm8l15x_lcd.o [1]
  .far_func.text      ro code  0x0140f1    0x86  Parson.o [1]
  .far_func.text      ro code  0x014177    0x84  memory_ctrl.o [1]
  .far_func.text      ro code  0x0141fb    0x82  Device_Setup.o [1]
  .far_func.text      ro code  0x01427d    0x78  Device_Initial_Check.o [1]
  .far_func.text      ro code  0x0142f5    0x78  Production_Mode.o [1]
  .far_func.text      ro code  0x01436d    0x77  BLE_BoT_nLE521.o [1]
  .far_func.text      ro code  0x0143e4    0x74  Parson.o [1]
  .far_func.text      ro code  0x014458    0x71  Parson.o [1]
  .far_func.text      ro code  0x0144c9    0x71  xxmemxmalloc.o [4]
  .far_func.text      ro code  0x01453a    0x6f  Device_Setup.o [1]
  .far_func.text      ro code  0x0145a9    0x6f  led_ctrl.o [1]
  .far_func.text      ro code  0x014618    0x6d  BLE_BoT_nLE521.o [1]
  .far_func.text      ro code  0x014685    0x6c  led_ctrl.o [1]
  .far_func.text      ro code  0x0146f1    0x6a  Production_Mode.o [1]
  .far_func.text      ro code  0x01475b    0x69  stm8l15x_dac.o [1]
  .far_func.text      ro code  0x0147c4    0x69  short.o [4]
  .far_func.text      ro code  0x01482d    0x68  memory_ctrl.o [1]
  .far_func.text      ro code  0x014895    0x66  Parson.o [1]
  .far_func.text      ro code  0x0148fb    0x65  BLE_BoT_nLE521.o [1]
  .far_func.text      ro code  0x014960    0x65  stm8l15x_tim2.o [1]
  .far_func.text      ro code  0x0149c5    0x65  stm8l15x_tim3.o [1]
  .far_func.text      ro code  0x014a2a    0x62  Parson.o [1]
  .far_func.text      ro code  0x014a8c    0x62  Parson.o [1]
  .far_func.text      ro code  0x014aee    0x60  strstr.o [4]
  .far_func.text      ro code  0x014b4e    0x5f  BLE_BoT_nLE521.o [1]
  .far_func.text      ro code  0x014bad    0x5f  Device_Setup.o [1]
  .far_func.text      ro code  0x014c0c    0x5f  memory_ctrl.o [1]
  .far_func.text      ro code  0x014c6b    0x5f  Production_Mode.o [1]
  .far_func.text      ro code  0x014cca    0x5e  Parson.o [1]
  .far_func.text      ro code  0x014d28    0x5e  stm8_interrupt_vector.o [1]
  .far_func.text      ro code  0x014d86    0x5d  User_Mode.o [1]
  .far_func.text      ro code  0x014de3    0x5c  lcd_ctrl.o [1]
  .far_func.text      ro code  0x014e3f    0x5c  memory_ctrl.o [1]
  .far_func.text      ro code  0x014e9b    0x5b  Parson.o [1]
  .far_func.text      ro code  0x014ef6    0x5b  stm8l15x_syscfg.o [1]
  .far_func.text      ro code  0x014f51    0x5a  lcd_ctrl.o [1]
  .far_func.text      ro code  0x014fab    0x59  User_Mode.o [1]
  .far_func.text      ro code  0x015004    0x58  Parson.o [1]
  .far_func.text      ro code  0x01505c    0x58  dc_util.o [4]
  .far_func.text      ro code  0x0150b4    0x57  Battery_Ctrl.o [1]
  .far_func.text      ro code  0x01510b    0x57  Parson.o [1]
  .far_func.text      ro code  0x015162    0x56  Parson.o [1]
  .far_func.text      ro code  0x0151b8    0x55  Device_Initial_Check.o [1]
  .far_func.text      ro code  0x01520d    0x55  stm8l15x_adc.o [1]
  .far_func.text      ro code  0x015262    0x55  round.o [4]
  .far_func.text      ro code  0x0152b7    0x54  lcd_ctrl.o [1]
  .far_func.text      ro code  0x01530b    0x54  stm8l15x_adc.o [1]
  .far_func.text      ro code  0x01535f    0x52  admin_mode.o [1]
  .far_func.text      ro code  0x0153b1    0x51  xprintffull.o [4]
  .far_func.text      ro code  0x015402    0x4f  Parson.o [1]
  .far_func.text      ro code  0x015451    0x4d  Battery_Ctrl.o [1]
  .far_func.text      ro code  0x01549e    0x4c  Parson.o [1]
  .far_func.text      ro code  0x0154ea    0x4b  admin_mode.o [1]
  .far_func.text      ro code  0x015535    0x4b  memory_ctrl.o [1]
  .far_func.text      ro code  0x015580    0x4b  Parson.o [1]
  .far_func.text      ro code  0x0155cb    0x4a  lcd_ctrl.o [1]
  .far_func.text      ro code  0x015615    0x49  lcd_ctrl.o [1]
  .far_func.text      ro code  0x01565e    0x49  xprintffull.o [4]
  .far_func.text      ro code  0x0156a7    0x47  ptr_ctrl.o [1]
  .far_func.text      ro code  0x0156ee    0x46  fabs.o [4]
  .far_func.text      ro code  0x015734    0x45  memory_ctrl.o [1]
  .far_func.text      ro code  0x015779    0x45  Parson.o [1]
  .far_func.text      ro code  0x0157be    0x44  sprintf.o [4]
  .far_func.text      ro code  0x015802    0x43  Parson.o [1]
  .far_func.text      ro code  0x015845    0x43  User_Mode.o [1]
  .far_func.text      ro code  0x015888    0x42  Parson.o [1]
  .far_func.text      ro code  0x0158ca    0x41  BLE_BoT_nLE521.o [1]
  .far_func.text      ro code  0x01590b    0x41  Parson.o [1]
  .far_func.text      ro code  0x01594c    0x41  ptr_ctrl.o [1]
  .far_func.text      ro code  0x01598d    0x41  ptr_ctrl.o [1]
  .far_func.text      ro code  0x0159ce    0x40  Battery_Ctrl.o [1]
  .far_func.text      ro code  0x015a0e    0x3e  Device_Setup.o [1]
  .far_func.text      ro code  0x015a4c    0x3d  Device_Initial_Check.o [1]
  .far_func.text      ro code  0x015a89    0x3c  BLE_Ctrl.o [1]
  .far_func.text      ro code  0x015ac5    0x3c  Parson.o [1]
  .far_func.text      ro code  0x015b01    0x3c  stm8l15x_it.o [1]
  .far_func.text      ro code  0x015b3d    0x38  Production_Mode.o [1]
  .far_func.text      ro code  0x015b75    0x36  Device_Setup.o [1]
  .far_func.text      ro code  0x015bab    0x36  stm8l15x_dac.o [1]
  .far_func.text      ro code  0x015be1    0x35  BLE_BoT_nLE521.o [1]
  .far_func.text      ro code  0x015c16    0x35  Parson.o [1]
  .far_func.text      ro code  0x015c4b    0x35  stm8l15x_usart.o [1]
  .far_func.text      ro code  0x015c80    0x35  strncmp.o [4]
  .far_func.text      ro code  0x015cb5    0x35  strncpy.o [4]
  .far_func.text      ro code  0x015cea    0x35  xdtento.o [4]
  .far_func.text      ro code  0x015d1f    0x34  ptr_ctrl.o [1]
  .far_func.text      ro code  0x015d53    0x34  div.o [4]
  .far_func.text      ro code  0x015d87    0x33  BLE_Ctrl.o [1]
  .far_func.text      ro code  0x015dba    0x33  Parson.o [1]
  .far_func.text      ro code  0x015ded    0x33  stm8l15x_adc.o [1]
  .far_func.text      ro code  0x015e20    0x33  User_Mode.o [1]
  .far_func.text      ro code  0x015e53    0x33  xencoding_sb.o [4]
  .far_func.text      ro code  0x015e86    0x32  led_ctrl.o [1]
  .far_func.text      ro code  0x015eb8    0x32  memory_ctrl.o [1]
  .far_func.text      ro code  0x015eea    0x32  stm8l15x_lcd.o [1]
  .far_func.text      ro code  0x015f1c    0x31  Battery_Ctrl.o [1]
  .far_func.text      ro code  0x015f4d    0x31  CircularQueue.o [1]
  .far_func.text      ro code  0x015f7e    0x31  Parson.o [1]
  .far_func.text      ro code  0x015faf    0x31  Production_Mode.o [1]
  .far_func.text      ro code  0x015fe0    0x30  lcd_ctrl.o [1]
  .far_func.text      ro code  0x016010    0x30  lcd_ctrl.o [1]
  .far_func.text      ro code  0x016040    0x30  Parson.o [1]
  .far_func.text      ro code  0x016070    0x2f  Device_Setup.o [1]
  .far_func.text      ro code  0x01609f    0x2e  memory_ctrl.o [1]
  .far_func.text      ro code  0x0160cd    0x2e  ptr_ctrl.o [1]
  .far_func.text      ro code  0x0160fb    0x2d  main.o [1]
  .far_func.text      ro code  0x016128    0x2d  memory_ctrl.o [1]
  .far_func.text      ro code  0x016155    0x2c  Parson.o [1]
  .far_func.text      ro code  0x016181    0x2c  stm8l15x_gpio.o [1]
  .far_func.text      ro code  0x0161ad    0x2c  strcmp.o [4]
  .far_func.text      ro code  0x0161d9    0x2b  Parson.o [1]
  .far_func.text      ro code  0x016204    0x2b  stm8l15x_usart.o [1]
  .far_func.text      ro code  0x01622f    0x2b  User_Mode.o [1]
  .far_func.text      ro code  0x01625a    0x2a  memory_ctrl.o [1]
  .far_func.text      ro code  0x016284    0x2a  uart_ctrl.o [1]
  .far_func.text      ro code  0x0162ae    0x2a  far_util.o [4]
  .far_func.text      ro code  0x0162d8    0x29  Production_Mode.o [1]
  .far_func.text      ro code  0x016301    0x29  stm8l15x_dac.o [1]
  .far_func.text      ro code  0x01632a    0x29  xmbtowc.o [4]
  .far_func.text      ro code  0x016353    0x28  Delay.o [1]
  .far_func.text      ro code  0x01637b    0x28  Delay.o [1]
  .far_func.text      ro code  0x0163a3    0x28  Parson.o [1]
  .far_func.text      ro code  0x0163cb    0x28  stm8l15x_adc.o [1]
  .far_func.text      ro code  0x0163f3    0x28  init_small.o [4]
  .far_func.text      ro code  0x01641b    0x27  lcd_ctrl.o [1]
  .far_func.text      ro code  0x016442    0x27  lcd_ctrl.o [1]
  .far_func.text      ro code  0x016469    0x27  stm8l15x_usart.o [1]
  .far_func.text      ro code  0x016490    0x26  stm8l15x_it.o [1]
  .far_func.text      ro code  0x0164b6    0x25  Device_Initial_Check.o [1]
  .far_func.text      ro code  0x0164db    0x25  led_ctrl.o [1]
  .far_func.text      ro code  0x016500    0x25  Parson.o [1]
  .far_func.text      ro code  0x016525    0x25  ptr_ctrl.o [1]
  .far_func.text      ro code  0x01654a    0x25  stm8l15x_it.o [1]
  .far_func.text      ro code  0x01656f    0x25  xlog.o [4]
  .far_func.text      ro code  0x016594    0x24  CircularQueue.o [1]
  .far_func.text      ro code  0x0165b8    0x24  memory_ctrl.o [1]
  .far_func.text      ro code  0x0165dc    0x24  memory_ctrl.o [1]
  .far_func.text      ro code  0x016600    0x24  printf.o [4]
  .far_func.text      ro code  0x016624    0x24  isxdigit.o [4]
  .far_func.text      ro code  0x016648    0x23  memory_ctrl.o [1]
                             - 0x01666b  0x666b


*******************************************************************************
*** INIT TABLE
***

          Address   Size
          -------   ----
Zero (__iar_zero_init2)
    3 destination ranges, total size 0x5ae:
          0x000010   0xe3
          0x000100   0x80
          0x0005b1  0x44b

Copy (__iar_copy_init2)
    1 source range, total size 0x131:
          0x00a880  0x131
    1 destination range, total size 0x131:
          0x000480  0x131



*******************************************************************************
*** MODULE SUMMARY
***

    Module                   ro code  rw code  ro data  rw data
    ------                   -------  -------  -------  -------
C:\Users\admin\Documents\Git\Sugentech-Backup\Surearly_SMART-Firmware\Main_v2.0.18_alpha(original,git)\Debug\Obj: [1]
    API_Message_Ctrl.o         4 282             1 501
    BLE_BoT_nLE521.o           1 650               244      245
    BLE_Ctrl.o                   834                65      535
    Battery_Ctrl.o               586                          2
    CircularQueue.o              132
    Delay.o                       80                          4
    Device_Initial_Check.o       323                16
    Device_Setup.o             1 266                         33
    Parson.o                   5 075                28        6
    Production_Mode.o          1 522                72      103
    User_Mode.o                2 712                        169
    admin_mode.o               1 090             1 040        5
    lcd_ctrl.o                 1 984                34       18
    led_ctrl.o                   995                16       53
    main.o                       581                20
    memory_ctrl.o                906                 3       49
    ptr_ctrl.o                   559
    stm8_interrupt_vector.o       94               128      128
    stm8l15x_adc.o               387
    stm8l15x_clk.o               420                 5
    stm8l15x_dac.o               230
    stm8l15x_exti.o              329
    stm8l15x_flash.o             105      207      207
    stm8l15x_gpio.o              230
    stm8l15x_it.o                788                 2        8
    stm8l15x_itc.o               333
    stm8l15x_lcd.o               303
    stm8l15x_pwr.o                14
    stm8l15x_syscfg.o             91
    stm8l15x_tim2.o              110
    stm8l15x_tim3.o              110
    stm8l15x_tim4.o               42
    stm8l15x_usart.o             510
    temperature_ctrl.o           188
    uart_ctrl.o                  186
    -----------------------------------------------------------
    Total:                    29 047      207    3 381    1 358

command line: [2]
    -----------------------------------------------------------
    Total:

dbgstm8mmd.a: [3]
    __dbg_break.o                  1
    __dbg_xxexit.o                22
    -----------------------------------------------------------
    Total:                        23

dlstm8mmf.a: [4]
    cexit.o                        6
    cstartup.o                    23
    dc_util.o                     88
    div.o                         52
    errno.o                                                   2
    exit.o                         4
    fabs.o                        70
    far.o                         10
    far_util.o                    42
    float.o                    1 317
    float_libsup.o               386
    init.o                        30
    init_small.o                  70
    interrupt.o                                    128
    isdigit.o                     16
    isxdigit.o                    36
    isxxx.o                       43
    localeconv.o                  39                60       49
    long.o                       566
    long_util.o                  150
    low_level_init.o               3
    memchr.o                      33
    memcpy.o                      32
    memset.o                      22
    move.o                        13
    pow.o                        884
    printf.o                      36
    putchar.o                      8
    round.o                       85
    setlocale.o                   70                         17
    short.o                      105
    sprintf.o                     68
    strchr.o                      21
    strcmp.o                      44
    strlen.o                      13
    strncmp.o                     53
    strncpy.o                     53
    strrchr.o                     25
    strstr.o                      96
    strtod.o                      13
    switch.o                      12
    unhandled_exception.o          3
    vreg_util.o                  532
    vregs.o                                                  16
    xdint.o                      201
    xdtento.o                    496                24
    xencoding_sb.o                75                16
    xexp.o                       619
    xfiles.o                                        40      120
    xgetmemchunk.o                25                          2
    xlocale_c.o                   89
    xlog.o                        49
    xmbcurmax.o                    7
    xmbtowc.o                     41
    xprintffull.o              5 011               101
    xprout.o                      31
    xsprout.o                     11
    xstod.o                      406
    xstoflt.o                    731
    xstopfx.o                    323
    xstoxflt.o                   717                45
    xwctomb.o                     34
    xxmemxfree.o                 216
    xxmemxmalloc.o               264                          4
    -----------------------------------------------------------
    Total:                    14 518               414      210

    Linker created                                  28    2 128
---------------------------------------------------------------
    Grand Total:              43 588      207    3 823    3 696


*******************************************************************************
*** ENTRY LIST
***

Entry                    Address   Size  Type      Object
-----                    -------   ----  ----      ------
.iar.init_table$$Base   0x00b06f          --   Gb  - Linker created -
.iar.init_table$$Limit  0x00b08b          --   Gb  - Linker created -
?add32_l0_l0_0x         0x00e692         Code  Gb  long.o [4]
?add32_l0_l0_l1         0x00e68f         Code  Gb  long.o [4]
?and32_l0_l0_0x         0x00e81c         Code  Gb  long.o [4]
?and32_l0_l0_l1         0x00e819         Code  Gb  long.o [4]
?b0                     0x000000         Data  Gb  vregs.o [4]
?b1                     0x000001         Data  Gb  vregs.o [4]
?b10                    0x00000a         Data  Gb  vregs.o [4]
?b11                    0x00000b         Data  Gb  vregs.o [4]
?b12                    0x00000c         Data  Gb  vregs.o [4]
?b13                    0x00000d         Data  Gb  vregs.o [4]
?b14                    0x00000e         Data  Gb  vregs.o [4]
?b15                    0x00000f         Data  Gb  vregs.o [4]
?b2                     0x000002         Data  Gb  vregs.o [4]
?b3                     0x000003         Data  Gb  vregs.o [4]
?b4                     0x000004         Data  Gb  vregs.o [4]
?b5                     0x000005         Data  Gb  vregs.o [4]
?b6                     0x000006         Data  Gb  vregs.o [4]
?b7                     0x000007         Data  Gb  vregs.o [4]
?b8                     0x000008         Data  Gb  vregs.o [4]
?b9                     0x000009         Data  Gb  vregs.o [4]
?dc32_l0                0x01505c         Code  Gb  dc_util.o [4]
?dc32_l1                0x015088         Code  Gb  dc_util.o [4]
?dec32_0x_0x            0x00e67b         Code  Gb  long.o [4]
?dec32_l0_l0            0x00e671         Code  Gb  long.o [4]
?dec32_l2_l2            0x00e676         Code  Gb  long.o [4]
?e0                     0x000001         Data  Gb  vregs.o [4]
?e1                     0x000005         Data  Gb  vregs.o [4]
?e2                     0x000009         Data  Gb  vregs.o [4]
?e3                     0x00000d         Data  Gb  vregs.o [4]
?epilogue_l2            0x00eba3         Code  Gb  vreg_util.o [4]
?epilogue_l2_l3         0x00eb9f         Code  Gb  vreg_util.o [4]
?epilogue_l2_w6         0x00eba8         Code  Gb  vreg_util.o [4]
?epilogue_w4            0x00ebb1         Code  Gb  vreg_util.o [4]
?fadd32_l0_l0_0x        0x00bdf0         Code  Gb  float.o [4]
?fadd32_l0_l0_dc32      0x00bdea         Code  Gb  float.o [4]
?fadd32_l0_l0_l1        0x00bdf3         Code  Gb  float.o [4]
?fcastf32s16_l0_x       0x00c0c1         Code  Gb  float.o [4]
?fcastf32s32_l0_l0      0x00c195         Code  Gb  float.o [4]
?fcastf32u16_l0_x       0x00c0c8         Code  Gb  float.o [4]
?fcastf32u32_l0_l0      0x00c1a1         Code  Gb  float.o [4]
?fcasts16f32_x_l0       0x00c0e6         Code  Gb  float.o [4]
?fcasts32f32_l0_l0      0x00c132         Code  Gb  float.o [4]
?fcastu32f32_l0_l0      0x00c11b         Code  Gb  float.o [4]
?fcmpeq32_c_0x_fzero    0x00c025         Code  Gb  float.o [4]
?fcmpeq32_c_l0_0x       0x00c034         Code  Gb  float.o [4]
?fcmpeq32_c_l0_dc32     0x00c02d         Code  Gb  float.o [4]
?fcmpeq32_c_l0_fzero    0x00c022         Code  Gb  float.o [4]
?fcmpeq32_c_l0_l1       0x00c031         Code  Gb  float.o [4]
?fcmpge32_c_l0_0x       0x00c060         Code  Gb  float.o [4]
?fcmpge32_c_l0_dc32     0x00c059         Code  Gb  float.o [4]
?fcmpge32_c_l0_l1       0x00c05d         Code  Gb  float.o [4]
?fcmplt32_c_l0_0x       0x00c06b         Code  Gb  float.o [4]
?fcmplt32_c_l0_dc32     0x00c064         Code  Gb  float.o [4]
?fcmplt32_c_l0_l1       0x00c068         Code  Gb  float.o [4]
?fdiv32_l0_dc32_l1      0x00bf65         Code  Gb  float.o [4]
?fdiv32_l0_l0_0x        0x00bf71         Code  Gb  float.o [4]
?fdiv32_l0_l0_dc32      0x00bf6b         Code  Gb  float.o [4]
?fdiv32_l0_l0_l1        0x00bf74         Code  Gb  float.o [4]
?fmul32_l0_l0_0x        0x00bec7         Code  Gb  float.o [4]
?fmul32_l0_l0_dc32      0x00bec1         Code  Gb  float.o [4]
?fmul32_l0_l0_l1        0x00beca         Code  Gb  float.o [4]
?fsub32_l0_l0_0x        0x00bde1         Code  Gb  float.o [4]
?fsub32_l0_l0_l1        0x00bde4         Code  Gb  float.o [4]
?inc32_0x_0x            0x00e663         Code  Gb  long.o [4]
?inc32_l0_l0            0x00e659         Code  Gb  long.o [4]
?inc32_l2_l2            0x00e65e         Code  Gb  long.o [4]
?l0                     0x000000         Data  Gb  vregs.o [4]
?l1                     0x000004         Data  Gb  vregs.o [4]
?l2                     0x000008         Data  Gb  vregs.o [4]
?l3                     0x00000c         Data  Gb  vregs.o [4]
?load24_0x_e1           0x0162ca         Code  Gb  far_util.o [4]
?load24_e0_0x           0x0162ae         Code  Gb  far_util.o [4]
?load24_e1_0x           0x0162bc         Code  Gb  far_util.o [4]
?load32_0x_l0           0x013bba         Code  Gb  long_util.o [4]
?load32_0x_l1           0x013bc8         Code  Gb  long_util.o [4]
?load32_0x_l2           0x013be0         Code  Gb  long_util.o [4]
?load32_l0_0x           0x013b72         Code  Gb  long_util.o [4]
?load32_l0_asp          0x013b66         Code  Gb  long_util.o [4]
?load32_l0_dbsp         0x013b58         Code  Gb  long_util.o [4]
?load32_l0_xsp          0x013b68         Code  Gb  long_util.o [4]
?load32_l1_0x           0x013b98         Code  Gb  long_util.o [4]
?load32_l1_asp          0x013b8c         Code  Gb  long_util.o [4]
?load32_l1_dbsp         0x013b7e         Code  Gb  long_util.o [4]
?load32_l1_xsp          0x013b8e         Code  Gb  long_util.o [4]
?load32_l2_0x           0x013ba4         Code  Gb  long_util.o [4]
?load32_xsp_l0          0x013bb0         Code  Gb  long_util.o [4]
?load32_xsp_l2          0x013bd6         Code  Gb  long_util.o [4]
?mov_e0_e1              0x00ec37         Code  Gb  vreg_util.o [4]
?mov_e0_e2              0x00ec44         Code  Gb  vreg_util.o [4]
?mov_e0_e3              0x00ec51         Code  Gb  vreg_util.o [4]
?mov_e1_e0              0x00ec5e         Code  Gb  vreg_util.o [4]
?mov_e1_e2              0x00ec6b         Code  Gb  vreg_util.o [4]
?mov_e1_e3              0x00ec78         Code  Gb  vreg_util.o [4]
?mov_e2_e0              0x00ec85         Code  Gb  vreg_util.o [4]
?mov_e2_e1              0x00ec92         Code  Gb  vreg_util.o [4]
?mov_e3_e0              0x00ec9f         Code  Gb  vreg_util.o [4]
?mov_e3_e1              0x00ecac         Code  Gb  vreg_util.o [4]
?mov_l0_l1              0x00ec34         Code  Gb  vreg_util.o [4]
?mov_l0_l2              0x00ec41         Code  Gb  vreg_util.o [4]
?mov_l0_l3              0x00ec4e         Code  Gb  vreg_util.o [4]
?mov_l1_l0              0x00ec5b         Code  Gb  vreg_util.o [4]
?mov_l1_l2              0x00ec68         Code  Gb  vreg_util.o [4]
?mov_l1_l3              0x00ec75         Code  Gb  vreg_util.o [4]
?mov_l2_l0              0x00ec82         Code  Gb  vreg_util.o [4]
?mov_l2_l1              0x00ec8f         Code  Gb  vreg_util.o [4]
?mov_l3_l0              0x00ec9c         Code  Gb  vreg_util.o [4]
?mov_l3_l1              0x00eca9         Code  Gb  vreg_util.o [4]
?mov_w0_w1              0x00ebb6         Code  Gb  vreg_util.o [4]
?mov_w0_w2              0x00ebbd         Code  Gb  vreg_util.o [4]
?mov_w0_w3              0x00ebc4         Code  Gb  vreg_util.o [4]
?mov_w0_w4              0x00ebcb         Code  Gb  vreg_util.o [4]
?mov_w0_w5              0x00ebd2         Code  Gb  vreg_util.o [4]
?mov_w0_w6              0x00ebd9         Code  Gb  vreg_util.o [4]
?mov_w0_w7              0x00ebe0         Code  Gb  vreg_util.o [4]
?mov_w1_w0              0x00ebe7         Code  Gb  vreg_util.o [4]
?mov_w1_w3              0x00ec3a         Code  Gb  vreg_util.o [4]
?mov_w1_w4              0x00ebee         Code  Gb  vreg_util.o [4]
?mov_w1_w5              0x00ec47         Code  Gb  vreg_util.o [4]
?mov_w1_w7              0x00ec54         Code  Gb  vreg_util.o [4]
?mov_w2_w0              0x00ebf5         Code  Gb  vreg_util.o [4]
?mov_w2_w1              0x00ebfc         Code  Gb  vreg_util.o [4]
?mov_w3_w1              0x00ec61         Code  Gb  vreg_util.o [4]
?mov_w3_w5              0x00ec6e         Code  Gb  vreg_util.o [4]
?mov_w3_w7              0x00ec7b         Code  Gb  vreg_util.o [4]
?mov_w4_w0              0x00ec03         Code  Gb  vreg_util.o [4]
?mov_w4_w1              0x00ec0a         Code  Gb  vreg_util.o [4]
?mov_w4_w5              0x00ec11         Code  Gb  vreg_util.o [4]
?mov_w5_w0              0x00ec18         Code  Gb  vreg_util.o [4]
?mov_w5_w1              0x00ec88         Code  Gb  vreg_util.o [4]
?mov_w5_w3              0x00ec95         Code  Gb  vreg_util.o [4]
?mov_w5_w4              0x00ec1f         Code  Gb  vreg_util.o [4]
?mov_w6_w0              0x00ec26         Code  Gb  vreg_util.o [4]
?mov_w6_w4              0x00ec2d         Code  Gb  vreg_util.o [4]
?mov_w7_w1              0x00eca2         Code  Gb  vreg_util.o [4]
?mov_w7_w3              0x00ecaf         Code  Gb  vreg_util.o [4]
?move1616_v_x_y_a       0x00f8a7         Code  Gb  move.o [4]
?mul16_x_x_w0           0x0147c4         Code  Gb  short.o [4]
?mul32_l0_l0_0x         0x00e6aa         Code  Gb  long.o [4]
?mul32_l0_l0_l1         0x00e6b3         Code  Gb  long.o [4]
?neg32_l0_l0            0x00e649         Code  Gb  long.o [4]
?pop_e2                 0x00eb14         Code  Gb  vreg_util.o [4]
?pop_l0                 0x00eb67         Code  Gb  vreg_util.o [4]
?pop_l1                 0x00eb72         Code  Gb  vreg_util.o [4]
?pop_l2                 0x00eb7d         Code  Gb  vreg_util.o [4]
?pop_l3                 0x00eb88         Code  Gb  vreg_util.o [4]
?pop_w4                 0x00ead7         Code  Gb  vreg_util.o [4]
?pop_w6                 0x00eade         Code  Gb  vreg_util.o [4]
?pop_w7                 0x00eae5         Code  Gb  vreg_util.o [4]
?push_e2                0x00eaf8         Code  Gb  vreg_util.o [4]
?push_l0                0x00eb32         Code  Gb  vreg_util.o [4]
?push_l1                0x00eb37         Code  Gb  vreg_util.o [4]
?push_l2                0x00eb3c         Code  Gb  vreg_util.o [4]
?push_l3                0x00eb41         Code  Gb  vreg_util.o [4]
?push_w0                0x00eaa2         Code  Gb  vreg_util.o [4]
?push_w1                0x00eaa7         Code  Gb  vreg_util.o [4]
?push_w2                0x00eaac         Code  Gb  vreg_util.o [4]
?push_w4                0x00eab1         Code  Gb  vreg_util.o [4]
?push_w6                0x00eab6         Code  Gb  vreg_util.o [4]
?push_w7                0x00eabb         Code  Gb  vreg_util.o [4]
?scmp32_c_l0_l1         0x00e802         Code  Gb  long.o [4]
?sdiv16_x_x_y           0x0147e2         Code  Gb  short.o [4]
?sdiv32_l0_l0_dl        0x00e7a8         Code  Gb  long.o [4]
?sdiv32_l0_l0_l1        0x00e7ac         Code  Gb  long.o [4]
?sext32_l0_a            0x00e872         Code  Gb  long.o [4]
?sext32_l0_x            0x00e867         Code  Gb  long.o [4]
?sll16_x_x_10           0x014815         Code  Gb  short.o [4]
?sll16_x_x_11           0x014814         Code  Gb  short.o [4]
?sll16_x_x_12           0x014813         Code  Gb  short.o [4]
?sll16_x_x_4            0x01481b         Code  Gb  short.o [4]
?sll16_x_x_5            0x01481a         Code  Gb  short.o [4]
?sll16_x_x_6            0x014819         Code  Gb  short.o [4]
?sll16_x_x_7            0x014818         Code  Gb  short.o [4]
?sll16_x_x_8            0x014817         Code  Gb  short.o [4]
?sll16_x_x_9            0x014816         Code  Gb  short.o [4]
?sll16_x_x_a            0x01480b         Code  Gb  short.o [4]
?sll32_0x_0x_a          0x00e837         Code  Gb  long.o [4]
?sll32_l0_l0_a          0x00e834         Code  Gb  long.o [4]
?smod16_y_x_y           0x0147fb         Code  Gb  short.o [4]
?smod32_l1_l0_l1        0x00e7ac         Code  Gb  long.o [4]
?sra32_0x_0x_a          0x00e859         Code  Gb  long.o [4]
?sra32_l0_l0_a          0x00e856         Code  Gb  long.o [4]
?srl16_x_x_10           0x014822         Code  Gb  short.o [4]
?srl16_x_x_11           0x014821         Code  Gb  short.o [4]
?srl16_x_x_12           0x014820         Code  Gb  short.o [4]
?srl16_x_x_4            0x014828         Code  Gb  short.o [4]
?srl16_x_x_5            0x014827         Code  Gb  short.o [4]
?srl16_x_x_6            0x014826         Code  Gb  short.o [4]
?srl16_x_x_7            0x014825         Code  Gb  short.o [4]
?srl16_x_x_8            0x014824         Code  Gb  short.o [4]
?srl16_x_x_9            0x014823         Code  Gb  short.o [4]
?srl32_0x_0x_a          0x00e848         Code  Gb  long.o [4]
?srl32_l0_l0_a          0x00e845         Code  Gb  long.o [4]
?switch8vlt_0x_a_0x     0x00f90b         Code  Gb  switch.o [4]
?ucmp24_c_0x_e0         0x00f98e         Code  Gb  far.o [4]
?ucmp32_c_l0_l1         0x00e7f7         Code  Gb  long.o [4]
?udiv32_l0_l0_dl        0x00e737         Code  Gb  long.o [4]
?udiv32_l0_l0_l1        0x00e73b         Code  Gb  long.o [4]
?umod32_l1_l0_dl        0x00e731         Code  Gb  long.o [4]
?umod32_l1_l0_l1        0x00e73b         Code  Gb  long.o [4]
?w0                     0x000000         Data  Gb  vregs.o [4]
?w1                     0x000002         Data  Gb  vregs.o [4]
?w2                     0x000004         Data  Gb  vregs.o [4]
?w3                     0x000006         Data  Gb  vregs.o [4]
?w4                     0x000008         Data  Gb  vregs.o [4]
?w5                     0x00000a         Data  Gb  vregs.o [4]
?w6                     0x00000c         Data  Gb  vregs.o [4]
?w7                     0x00000e         Data  Gb  vregs.o [4]
ADC1_COMP_IRQHandler    0x00fabf    0x1  Code  Gb  stm8l15x_it.o [1]
ADC_ChannelCmd          0x01530b   0x54  Code  Gb  stm8l15x_adc.o [1]
ADC_ClearFlag           0x00f88d    0xd  Code  Gb  stm8l15x_adc.o [1]
ADC_Cmd                 0x00f6ef   0x11  Code  Gb  stm8l15x_adc.o [1]
ADC_Data                0x015d1f   0x34  Code  Gb  ptr_ctrl.o [1]
ADC_DeInit              0x01520d   0x55  Code  Gb  stm8l15x_adc.o [1]
ADC_Deinitialization    0x00f9e8    0x8  Code  Gb  ptr_ctrl.o [1]
ADC_End                 0x00f347   0x1d  Code  Gb  ptr_ctrl.o [1]
ADC_GetConversionValue  0x0163cb   0x28  Code  Gb  stm8l15x_adc.o [1]
ADC_GetFlagStatus       0x00f364   0x1d  Code  Gb  stm8l15x_adc.o [1]
ADC_Init                0x00f0d2   0x23  Code  Gb  stm8l15x_adc.o [1]
ADC_Initialization      0x016525   0x25  Code  Gb  ptr_ctrl.o [1]
ADC_SamplingTimeConfig  0x015ded   0x33  Code  Gb  stm8l15x_adc.o [1]
ADC_SoftwareStartConv   0x00fa82    0x5  Code  Gb  stm8l15x_adc.o [1]
ADC_Start               0x0156a7   0x47  Code  Gb  ptr_ctrl.o [1]
ADC_TempSensorCmd       0x00f7d8    0xe  Code  Gb  stm8l15x_adc.o [1]
ADC_VrefintCmd          0x00f7e6    0xe  Code  Gb  stm8l15x_adc.o [1]
API_DATA                0x000010   0x86  Data  Gb  User_Mode.o [1]
API_Key_Value_Init      0x01340e   0xba  Code  Gb  API_Message_Ctrl.o [1]
API_Key_Value_Setting   0x00de8e  0x2ad  Code  Gb  API_Message_Ctrl.o [1]
API_READ_PTR_Variable_Init
                        0x015faf   0x31  Code  Gb  Production_Mode.o [1]
API_Rx_Message_Parsing  0x00b6ef  0x6d4  Code  Gb  API_Message_Ctrl.o [1]
API_Tx_Message          0x00cc7a  0x45f  Code  Gb  API_Message_Ctrl.o [1]
Admin_BLE_Rx_Process    0x01535f   0x52  Code  Gb  admin_mode.o [1]
Admin_Device_Information
                        0x0154ea   0x4b  Code  Gb  admin_mode.o [1]
Admin_Erase_Memory_Bank
                        0x0131d6   0xbf  Code  Gb  admin_mode.o [1]
Admin_Menu_Display      0x012b40   0xdd  Code  Gb  admin_mode.o [1]
Admin_Menu_Process      0x013582   0xb5  Code  Gb  admin_mode.o [1]
Admin_Read_Memory_Bank  0x011fde  0x12a  Code  Gb  admin_mode.o [1]
Admin_Variable_Init     0x00f998    0x9  Code  Gb  admin_mode.o [1]
App_Connection_Waiting  0x014fab   0x59  Code  Gb  User_Mode.o [1]
Auto_Calibration_Bandline
                        0x014685   0x6c  Code  Gb  led_ctrl.o [1]
Auto_Calibration_Colorline
                        0x0145a9   0x6f  Code  Gb  led_ctrl.o [1]
BLE_BOT_QUEUE           0x00079f   0xf4  Data  Gb  BLE_BoT_nLE521.o [1]
BLE_BaudrateArr         0x00b22e   0x18  Data  Gb  BLE_BoT_nLE521.o [1]
BLE_Bot_Disconnect      0x014618   0x6d  Code  Gb  BLE_BoT_nLE521.o [1]
BLE_Bot_Name_Setting    0x014b4e   0x5f  Code  Gb  BLE_BoT_nLE521.o [1]
BLE_Bot_Queue_Init      0x00f9e0    0x8  Code  Gb  BLE_BoT_nLE521.o [1]
BLE_Bot_Queue_Process   0x011315  0x163  Code  Gb  BLE_BoT_nLE521.o [1]
BLE_Bot_Rx_Enqueue      0x015be1   0x35  Code  Gb  BLE_BoT_nLE521.o [1]
BLE_Bot_Sleep           0x01436d   0x77  Code  Gb  BLE_BoT_nLE521.o [1]
BLE_Bot_Uart_Deinit     0x00f381   0x1c  Code  Gb  BLE_BoT_nLE521.o [1]
BLE_Bot_Uart_Init       0x0148fb   0x65  Code  Gb  BLE_BoT_nLE521.o [1]
BLE_Bot_Wakeup          0x00f4b8   0x18  Code  Gb  BLE_BoT_nLE521.o [1]
BLE_Buffer_Init         0x015d87   0x33  Code  Gb  BLE_Ctrl.o [1]
BLE_Connection_Check    0x015a89   0x3c  Code  Gb  BLE_Ctrl.o [1]
BLE_Deinit              0x00fa64    0x5  Code  Gb  BLE_Ctrl.o [1]
BLE_Disconnect          0x00fa73    0x5  Code  Gb  BLE_Ctrl.o [1]
BLE_FLAG                0x000990    0x4  Data  Gb  BLE_Ctrl.o [1]
BLE_Icon_Display        0x0152b7   0x54  Code  Gb  lcd_ctrl.o [1]
BLE_Init                0x00fa5f    0x5  Code  Gb  BLE_Ctrl.o [1]
BLE_Name_Auto_Setting   0x011b03  0x13d  Code  Gb  BLE_Ctrl.o [1]
BLE_Name_Setting        0x00f700   0x10  Code  Gb  BLE_Ctrl.o [1]
BLE_Queue_Process       0x00fa78    0x5  Code  Gb  BLE_Ctrl.o [1]
BLE_RX                  0x0006aa   0xf5  Data  Gb  BLE_Ctrl.o [1]
BLE_Rx_Enqueue          0x00fa30    0x7  Code  Gb  BLE_Ctrl.o [1]
BLE_SetupBaudrate       0x013796   0xa7  Code  Gb  BLE_BoT_nLE521.o [1]
BLE_Sleep               0x00fa6e    0x5  Code  Gb  BLE_Ctrl.o [1]
BLE_Start               0x011874  0x14c  Code  Gb  BLE_Ctrl.o [1]
BLE_TX                  0x0005b1   0xf9  Data  Gb  BLE_Ctrl.o [1]
BLE_Tx_Byte             0x00f9a1    0x9  Code  Gb  BLE_Ctrl.o [1]
BLE_Tx_String           0x00f8db    0xc  Code  Gb  BLE_Ctrl.o [1]
BLE_Wakeup              0x00fa69    0x5  Code  Gb  BLE_Ctrl.o [1]
Battery_Low_Power_Check
                        0x00f60b   0x14  Code  Gb  Device_Initial_Check.o [1]
CLK_GetClockFreq        0x013a25   0x9c  Code  Gb  stm8l15x_clk.o [1]
CLK_HSEConfig           0x00f647   0x13  Code  Gb  stm8l15x_clk.o [1]
CLK_HSICmd              0x00f7f4    0xe  Code  Gb  stm8l15x_clk.o [1]
CLK_HaltConfig          0x00f407   0x1a  Code  Gb  stm8l15x_clk.o [1]
CLK_LSEConfig           0x00f65a   0x13  Code  Gb  stm8l15x_clk.o [1]
CLK_LSICmd              0x00f802    0xe  Code  Gb  stm8l15x_clk.o [1]
CLK_MainRegulatorCmd    0x00f810    0xe  Code  Gb  stm8l15x_clk.o [1]
CLK_PeripheralClockConfig
                        0x013c83   0x94  Code  Gb  stm8l15x_clk.o [1]
CLK_RTCClockConfig      0x00f984    0xa  Code  Gb  stm8l15x_clk.o [1]
COM0                    0x000998    0x4  Data  Gb  lcd_ctrl.o [1]
[...]
Save_Memory_Bank_Byte_Program
                        0x01609f   0x2e  Code  Gb  memory_ctrl.o [1]
Send_AT_Command         0x00ecb6  0x20e  Code  Gb  BLE_BoT_nLE521.o [1]
Slope                   0x0138e4   0xa1  Code  Gb  led_ctrl.o [1]
Stick_Check             0x012882   0xf3  Code  Gb  User_Mode.o [1]
Stick_Ejection          0x013d17   0x93  Code  Gb  User_Mode.o [1]
Stick_Insert_Waiting    0x012c1d   0xd9  Code  Gb  User_Mode.o [1]
Stick_Insertion_Count   0x015b75   0x36  Code  Gb  Device_Setup.o [1]
String_To_Decimal       0x013daa   0x90  Code  Gb  uart_ctrl.o [1]
TIM1_CC_IRQHandler      0x00fac3    0x1  Code  Gb  stm8l15x_it.o [1]
TIM1_UPD_OVF_TRG_COM_IRQHandler
                        0x00fac2    0x1  Code  Gb  stm8l15x_it.o [1]
TIM2_CC_USART2_RX_IRQHandler
                        0x00fac0    0x1  Code  Gb  stm8l15x_it.o [1]
TIM2_ClearITPendingBit  0x00f9aa    0x9  Code  Gb  stm8l15x_tim2.o [1]
TIM2_DeInit             0x014960   0x65  Code  Gb  stm8l15x_tim2.o [1]
TIM2_UPD_OVF_TRG_BRK_USART2_TX_IRQHandler
                        0x011032  0x176  Code  Gb  stm8l15x_it.o [1]
TIM3_CC_USART3_RX_IRQHandler
                        0x00fac1    0x1  Code  Gb  stm8l15x_it.o [1]
TIM3_ClearITPendingBit  0x00f9b3    0x9  Code  Gb  stm8l15x_tim3.o [1]
TIM3_DeInit             0x0149c5   0x65  Code  Gb  stm8l15x_tim3.o [1]
TIM3_UPD_OVF_TRG_BRK_USART3_TX_IRQHandler
                        0x015b01   0x3c  Code  Gb  stm8l15x_it.o [1]
TIM4_ClearITPendingBit  0x00f9bc    0x9  Code  Gb  stm8l15x_tim4.o [1]
TIM4_DeInit             0x00f15a   0x21  Code  Gb  stm8l15x_tim4.o [1]
TIM4_UPD_OVF_TRG_IRQHandler
                        0x012689   0xfd  Code  Gb  stm8l15x_it.o [1]
TIMER_100ms             0x0009b0    0x4  Data  Gb  stm8l15x_it.o [1]
TIMER_500ms             0x0009b4    0x4  Data  Gb  stm8l15x_it.o [1]
TIMER_COUNT_DOWN_1      0x0009c0    0x4  Data  Gb  User_Mode.o [1]
TIMER_COUNT_UP_1        0x0009b8    0x4  Data  Gb  User_Mode.o [1]
TIMER_COUNT_UP_2        0x0009bc    0x4  Data  Gb  User_Mode.o [1]
TLI_IRQHandler          0x00faae    0x1  Code  Gb  stm8l15x_it.o [1]
TRAP_IRQHandler         0x00faad    0x1  Code  Gb  stm8l15x_it.o [1]
Target_Func             0x015e86   0x32  Code  Gb  led_ctrl.o [1]
Timer_Count_Setup       0x0160fb   0x2d  Code  Gb  main.o [1]
TimingDelay_Decrement   0x01637b   0x28  Code  Gb  Delay.o [1]
Timing_Delay            0x000994    0x4  Data  Gb  Delay.o [1]
USART1_RX_TIM5_CC_IRQHandler
                        0x016490   0x26  Code  Gb  stm8l15x_it.o [1]
USART1_TX_TIM5_UPD_OVF_TRG_BRK_IRQHandler
                        0x00fac5    0x1  Code  Gb  stm8l15x_it.o [1]
USART_ClearFlag         0x00fa8c    0x5  Code  Gb  stm8l15x_usart.o [1]
USART_ClearITPendingBit
                        0x00fa91    0x5  Code  Gb  stm8l15x_usart.o [1]
USART_Cmd               0x016204   0x2b  Code  Gb  stm8l15x_usart.o [1]
USART_DeInit            0x016469   0x27  Code  Gb  stm8l15x_usart.o [1]
USART_GetFlagStatus     0x015c4b   0x35  Code  Gb  stm8l15x_usart.o [1]
USART_ITConfig          0x013bee   0x95  Code  Gb  stm8l15x_usart.o [1]
USART_Init              0x012cf6   0xd8  Code  Gb  stm8l15x_usart.o [1]
USER_MODE_PROCESS       0x0009dc    0x2  Data  Gb  User_Mode.o [1]
USER_TIM2_Init          0x00f43b   0x19  Code  Gb  Device_Setup.o [1]
USER_TIM3_Init          0x00f454   0x19  Code  Gb  Device_Setup.o [1]
USER_TIM4_Init          0x00f5e1   0x15  Code  Gb  Device_Setup.o [1]
User_GPIO_Init          0x012975   0xec  Code  Gb  Device_Setup.o [1]
User_MCU_Clock_Init     0x00f2f0   0x1d  Code  Gb  Device_Setup.o [1]
User_Mode_Process       0x014d86   0x5d  Code  Gb  User_Mode.o [1]
User_Mode_Variable_Init
                        0x015e20   0x33  Code  Gb  User_Mode.o [1]
Vbat_Display            0x011c40  0x135  Code  Gb  Battery_Ctrl.o [1]
Vbat_Read_ADC           0x0159ce   0x40  Code  Gb  Battery_Ctrl.o [1]
Vbat_Read_Voltage       0x015451   0x4d  Code  Gb  Battery_Ctrl.o [1]
Vref_Read_ADC           0x0150b4   0x57  Code  Gb  Battery_Ctrl.o [1]
_EncodingSb_Mbtowc      0x015e53   0x33  Code  Gb  xencoding_sb.o [4]
_EncodingSb_Mbtowc::initial
                        0x00b600    0x8  Data  Lc  xencoding_sb.o [4]
_EncodingSb_Wctomb      0x00f518   0x18  Code  Gb  xencoding_sb.o [4]
_EncodingSb_Wctomb::initial
                        0x00b5f8    0x8  Data  Lc  xencoding_sb.o [4]
_GenldFull              0x00d4b5  0x3b1  Code  Lc  xprintffull.o [4]
_LdtobFull              0x00c800  0x47a  Code  Lc  xprintffull.o [4]
_LitobFull              0x010eb1  0x181  Code  Lc  xprintffull.o [4]
_LocaleC_isalpha        0x00f17b   0x21  Code  Gb  xlocale_c.o [4]
_LocaleC_islower        0x00f750   0x10  Code  Gb  xlocale_c.o [4]
_LocaleC_isspace        0x00f500   0x18  Code  Gb  xlocale_c.o [4]
_LocaleC_isupper        0x00f760   0x10  Code  Gb  xlocale_c.o [4]
_LocaleEncoding         0x00f6dd   0x12  Code  Gb  setlocale.o [4]
_LocaleForCat           0x00f421   0x1a  Code  Gb  setlocale.o [4]
_Locale_Profile         0x000960    0xe  Data  Gb  setlocale.o [4]
_Locale_lconv           0x00055b   0x2e  Data  Gb  localeconv.o [4]
_Mbtowc                 0x01632a   0x29  Code  Gb  xmbtowc.o [4]
_PrintfFull             0x00c2e8  0x518  Code  Gb  xprintffull.o [4]
_Prout                  0x00f21d   0x1f  Code  Gb  xprout.o [4]
_PutcharFull            0x00d449   0x2e  Code  Lc  xprintffull.o [4]
_PutcharsFull           0x00d477   0x3e  Code  Lc  xprintffull.o [4]
_PutstrFull             0x00d145  0x2dc  Code  Lc  xprintffull.o [4]
_SProut                 0x00f959    0xb  Code  Gb  xsprout.o [4]
_Stoflt                 0x00dbda  0x2b4  Code  Gb  xstoflt.o [4]
_Stopfx                 0x0119c0  0x143  Code  Gb  xstopfx.o [4]
_Stoxflt                0x00e13b  0x2a3  Code  Gb  xstoxflt.o [4]
_Stoxflt::digits        0x00b28c   0x17  Data  Lc  xstoxflt.o [4]
_Stoxflt::vals          0x00b2a3   0x16  Data  Lc  xstoxflt.o [4]
_Wctomb                 0x00f117   0x22  Code  Gb  xwctomb.o [4]
__DebugBreak            0x00fac7    0x1  Code  Gb  __dbg_break.o [3]
__exit                  0x00f5cb   0x16  Code  Gb  __dbg_xxexit.o [3]
__iar_Dint              0x013047   0xc9  Code  Gb  xdint.o [4]
__iar_Dnorm             0x010d4f         Code  Gb  float_libsup.o [4]
__iar_Dscale            0x010ddd         Code  Gb  float_libsup.o [4]
__iar_Dtentox           0x0103d0  0x1a0  Code  Gb  xdtento.o [4]
__iar_Dtest             0x010d2f         Code  Gb  float_libsup.o [4]
__iar_Dunscale          0x010d8b         Code  Gb  float_libsup.o [4]
__iar_Errno             0x0009e2    0x2  Data  Gb  errno.o [4]
__iar_Exp               0x00e3de  0x26b  Code  Gb  xexp.o [4]
__iar_Logpoly           0x00f8ff    0xc  Code  Gb  xlog.o [4]
__iar_Mbcurmax          0x00fa4c    0x7  Code  Gb  xmbcurmax.o [4]
__iar_Memchr            0x00f19c   0x21  Code  Gb  memchr.o [4]
__iar_Stdout            0x000589   0x28  Data  Gb  xfiles.o [4]
__iar_Stod              0x0106fe    0x8  Code  Gb  xstod.o [4]
__iar_Stodx             0x010570  0x176  Code  Gb  xstod.o [4]
__iar_Strchr            0x00f5f6   0x15  Code  Gb  strchr.o [4]
__iar_Strrchr           0x00f486   0x19  Code  Gb  strrchr.o [4]
__iar_Strstr            0x014aee   0x60  Code  Gb  strstr.o [4]
__iar_Tls_setup__Locale_Profile
                        0x0009ce    0x3  Data  Gb  setlocale.o [4]
__iar_Tls_setup__Locale_lconv
                        0x0009d1    0x3  Data  Gb  localeconv.o [4]
__iar_copy_init2        0x0163f3         Code  Gb  init_small.o [4]
__iar_data_init2        0x00f2b4   0x1e  Code  Gb  init.o [4]
__iar_program_start     0x00f530         Code  Gb  cstartup.o [4]
__iar_unhandled_exception
                        0x00faa6         Code  Gb  unhandled_exception.o [4]
__iar_zero_init2        0x00f2d2         Code  Gb  init_small.o [4]
__intvec                0x00a800         Data  Gb  interrupt.o [4]
__low_level_init        0x00faa3    0x3  Code  Gb  low_level_init.o [4]
__near_Aldata           0x0009c4    0x4  Data  Gb  xxmemxmalloc.o [4]
__near_GetMemChunk      0x00f49f   0x19  Code  Gb  xgetmemchunk.o [4]
__near_GetMemChunk::start
                        0x0009e4    0x2  Data  Lc  xgetmemchunk.o [4]
__near_findmem          0x0144c9   0x71  Code  Lc  xxmemxmalloc.o [4]
_exit                   0x00fa59         Code  Gb  cexit.o [4]
_interrupt_1            0x00faad         Code  Gb  stm8l15x_it.o [1]
_interrupt_10           0x00fab6         Code  Gb  stm8l15x_it.o [1]
_interrupt_11           0x00fab7         Code  Gb  stm8l15x_it.o [1]
_interrupt_12           0x00fab8         Code  Gb  stm8l15x_it.o [1]
_interrupt_13           0x00fab9         Code  Gb  stm8l15x_it.o [1]
_interrupt_14           0x00faba         Code  Gb  stm8l15x_it.o [1]
_interrupt_15           0x00fabb         Code  Gb  stm8l15x_it.o [1]
_interrupt_16           0x01654a         Code  Gb  stm8l15x_it.o [1]
_interrupt_17           0x00fabc         Code  Gb  stm8l15x_it.o [1]
_interrupt_18           0x00fabd         Code  Gb  stm8l15x_it.o [1]
_interrupt_19           0x00fabe         Code  Gb  stm8l15x_it.o [1]
_interrupt_2            0x00faae         Code  Gb  stm8l15x_it.o [1]
_interrupt_20           0x00fabf         Code  Gb  stm8l15x_it.o [1]
_interrupt_21           0x011032         Code  Gb  stm8l15x_it.o [1]
_interrupt_22           0x00fac0         Code  Gb  stm8l15x_it.o [1]
_interrupt_23           0x015b01         Code  Gb  stm8l15x_it.o [1]
_interrupt_24           0x00fac1         Code  Gb  stm8l15x_it.o [1]
_interrupt_25           0x00fac2         Code  Gb  stm8l15x_it.o [1]
_interrupt_26           0x00fac3         Code  Gb  stm8l15x_it.o [1]
_interrupt_27           0x012689         Code  Gb  stm8l15x_it.o [1]
_interrupt_28           0x00fac4         Code  Gb  stm8l15x_it.o [1]
_interrupt_29           0x00fac5         Code  Gb  stm8l15x_it.o [1]
_interrupt_3            0x00faaf         Code  Gb  stm8l15x_it.o [1]
_interrupt_30           0x016490         Code  Gb  stm8l15x_it.o [1]
_interrupt_31           0x00fac6         Code  Gb  stm8l15x_it.o [1]
_interrupt_4            0x00fab0         Code  Gb  stm8l15x_it.o [1]
_interrupt_5            0x00fab1         Code  Gb  stm8l15x_it.o [1]
_interrupt_6            0x00fab2         Code  Gb  stm8l15x_it.o [1]
_interrupt_7            0x00fab3         Code  Gb  stm8l15x_it.o [1]
_interrupt_8            0x00fab4         Code  Gb  stm8l15x_it.o [1]
_interrupt_9            0x00fab5         Code  Gb  stm8l15x_it.o [1]
admin_init_menu_disp_flag
                        0x0009e8    0x1  Data  Gb  admin_mode.o [1]
admin_rx_complete       0x0009e7    0x1  Data  Gb  admin_mode.o [1]
baudrate_index          0x0009eb    0x1  Data  Gb  BLE_BoT_nLE521.o [1]
ble_mac_id              0x0000e6    0xd  Data  Gb  BLE_Ctrl.o [1]
ble_name                0x00093b   0x15  Data  Gb  BLE_Ctrl.o [1]
ble_rx_index            0x0009d6    0x2  Data  Gb  BLE_Ctrl.o [1]
ble_uart_block          0x0009ec    0x1  Data  Gb  BLE_Ctrl.o [1]
calibration_check       0x0009f1    0x1  Data  Gb  led_ctrl.o [1]
calibration_data        0x000950   0x10  Data  Gb  led_ctrl.o [1]
check_sample_flow_process
                        0x0009fa    0x1  Data  Gb  User_Mode.o [1]
cur_sample_reaction_progress_step
                        0x0009f8    0x1  Data  Gb  User_Mode.o [1]
dac_interval            0x0009f4    0x1  Data  Gb  Production_Mode.o [1]
delay_ms                0x016353   0x28  Code  Gb  Delay.o [1]
dev_power_status        0x0009ed    0x1  Data  Gb  Device_Setup.o [1]
device_mode_select      0x0009f5    0x1  Data  Gb  User_Mode.o [1]
div                     0x015d53   0x34  Code  Gb  div.o [4]
dmul                    0x015cea   0x35  Code  Lc  xdtento.o [4]
exit                    0x00fa9b    0x4  Code  Gb  exit.o [4]
fabs                    0x0156ee   0x46  Code  Gb  fabs.o [4]
forced_power_down       0x0009ee    0x1  Data  Gb  Device_Setup.o [1]
fputc                   0x00f97a    0xa  Code  Gb  main.o [1]
free                    0x012dce   0xd8  Code  Gb  xxmemxfree.o [4]
fw_update_mode_execution
                        0x0009f2    0x1  Data  Gb  Production_Mode.o [1]
get_quoted_string       0x015ac5   0x3c  Code  Lc  Parson.o [1]
hex_char_to_int         0x016040   0x30  Code  Lc  Parson.o [1]
icon_array              0x00afea   0x22  Data  Gb  lcd_ctrl.o [1]
initial_band_sensing_data
                        0x00096e    0xc  Data  Gb  led_ctrl.o [1]
initial_color_sensing_data
                        0x0009a8    0x4  Data  Gb  led_ctrl.o [1]
insert_time_backup      0x0009e0    0x2  Data  Lc  User_Mode.o [1]
internal_Pow            0x00d866  0x358  Code  Lc  pow.o [4]
is_decimal              0x0143e4   0x74  Code  Lc  Parson.o [1]
isalpha                 0x00f730   0x10  Code  Gb  isxxx.o [4]
isdigit                 0x00f770   0x10  Code  Gb  isdigit.o [4]
isr_handler             0x000100   0x80  Data  Gb  stm8_interrupt_vector.o [1]
isr_handler_init        0x00ab00   0x80  Data  Gb  stm8_interrupt_vector.o [1]
isspace                 0x00f740   0x10  Code  Gb  isxxx.o [4]
isxdigit                0x016624   0x24  Code  Gb  isxdigit.o [4]
json_array_add          0x0140f1   0x86  Code  Lc  Parson.o [1]
json_array_free         0x015004   0x58  Code  Lc  Parson.o [1]
json_array_get_count    0x00f922    0xb  Code  Gb  Parson.o [1]
json_array_get_wrapping_value
                        0x00faab    0x2  Code  Gb  Parson.o [1]
json_array_init         0x015580   0x4b  Code  Lc  Parson.o [1]
json_array_resize       0x013e3a   0x8f  Code  Lc  Parson.o [1]
json_object_add         0x015dba   0x33  Code  Lc  Parson.o [1]
json_object_addn        0x012786   0xfc  Code  Lc  Parson.o [1]
json_object_clear       0x014458   0x71  Code  Gb  Parson.o [1]
json_object_dotget_object
                        0x00f3ed   0x1a  Code  Gb  Parson.o [1]
json_object_dotget_value
                        0x015402   0x4f  Code  Gb  Parson.o [1]
json_object_free        0x013f57   0x8b  Code  Lc  Parson.o [1]
json_object_get_count   0x00f917    0xb  Code  Gb  Parson.o [1]
json_object_get_number  0x00f3d3   0x1a  Code  Gb  Parson.o [1]
json_object_get_string  0x00f3b9   0x1a  Code  Gb  Parson.o [1]
json_object_get_value   0x0161d9   0x2b  Code  Gb  Parson.o [1]
json_object_get_wrapping_value
                        0x00faa9    0x2  Code  Gb  Parson.o [1]
json_object_getn_value  0x013fe2   0x88  Code  Lc  Parson.o [1]
json_object_init        0x015162   0x56  Code  Lc  Parson.o [1]
json_object_resize      0x01222f  0x125  Code  Lc  Parson.o [1]
json_parse_file         0x0163a3   0x28  Code  Gb  Parson.o [1]
json_parse_string       0x015c16   0x35  Code  Gb  Parson.o [1]
json_value_free         0x014e9b   0x5b  Code  Gb  Parson.o [1]
json_value_get_array    0x00f25a   0x1e  Code  Gb  Parson.o [1]
json_value_get_number   0x016500   0x25  Code  Gb  Parson.o [1]
json_value_get_object   0x00f23c   0x1e  Code  Gb  Parson.o [1]
json_value_get_string   0x00f278   0x1e  Code  Gb  Parson.o [1]
json_value_get_type     0x00f92d    0xb  Code  Gb  Parson.o [1]
json_value_init_array   0x014a8c   0x62  Code  Gb  Parson.o [1]
json_value_init_boolean
                        0x01549e   0x4c  Code  Gb  Parson.o [1]
json_value_init_null    0x016155   0x2c  Code  Gb  Parson.o [1]
json_value_init_number  0x014895   0x66  Code  Gb  Parson.o [1]
json_value_init_object  0x014a2a   0x62  Code  Gb  Parson.o [1]
json_value_init_string_no_copy
                        0x015888   0x42  Code  Lc  Parson.o [1]
lcd_blink_state         0x0009ef    0x1  Data  Gb  lcd_ctrl.o [1]
lcd_status_setup_block  0x0009f0    0x1  Data  Lc  lcd_ctrl.o [1]
led_channel             0x0009f3    0x1  Data  Gb  Production_Mode.o [1]
led_num                 0x00b5e0    0x8  Data  Gb  led_ctrl.o [1]
localeconv              0x00f848    0xe  Code  Gb  localeconv.o [4]
main                    0x00eec4  0x20e  Code  Gb  main.o [1]
main_menu_select        0x0009d4    0x2  Data  Gb  admin_mode.o [1]
malloc                  0x013ac1   0x97  Code  Gb  xxmemxmalloc.o [4]
mcu_temperature_read    0x013352   0xbc  Code  Gb  temperature_ctrl.o [1]
mcu_uid                 0x000922   0x19  Data  Gb  Device_Setup.o [1]
memchr                  0x00fa9f    0x4  Code  Gb  xstoxflt.o [4]
memcpy                  0x00f1fd   0x20  Code  Gb  memcpy.o [4]
memset                  0x00f59f   0x16  Code  Gb  memset.o [4]
nTxByte                 0x00b6ec    0x1  Data  Gb  stm8l15x_it.o [1]
nTxInterval             0x00b6ed    0x1  Data  Gb  stm8l15x_it.o [1]
obuf                    0x000096   0x50  Data  Lc  xfiles.o [4]
once_operation          0x0009f6    0x1  Data  Gb  User_Mode.o [1]
pad                     0x00d10d   0x38  Code  Lc  xprintffull.o [4]
parse_array_value       0x011d75  0x135  Code  Lc  Parson.o [1]
parse_boolean_value     0x014cca   0x5e  Code  Lc  Parson.o [1]
parse_null_value        0x015f7e   0x31  Code  Lc  Parson.o [1]
parse_number_value      0x01510b   0x57  Code  Lc  Parson.o [1]
parse_object_value      0x01020a  0x1c6  Code  Lc  Parson.o [1]
parse_string_value      0x015802   0x43  Code  Lc  Parson.o [1]
parse_utf16             0x010a21  0x187  Code  Lc  Parson.o [1]
parse_utf16_hex         0x01383d   0xa7  Code  Lc  Parson.o [1]
parse_value             0x0136ec   0xaa  Code  Lc  Parson.o [1]
parson_free             0x000556    0x3  Data  Lc  Parson.o [1]
parson_malloc           0x000553    0x3  Data  Lc  Parson.o [1]
parson_strndup          0x01590b   0x41  Code  Lc  Parson.o [1]
pow                     0x00dbd5    0x5  Code  Gb  pow.o [4]
pows                    0x00b246   0x18  Data  Lc  xdtento.o [4]
pre_sample_reaction_progress_step
                        0x0009f9    0x1  Data  Gb  User_Mode.o [1]
printf                  0x016600   0x24  Code  Gb  printf.o [4]
process_string          0x0115d0  0x157  Code  Lc  Parson.o [1]
ptr_channel             0x000559    0x2  Data  Gb  Production_Mode.o [1]
putchar                 0x00fa08    0x8  Code  Gb  putchar.o [4]
react_time_backup       0x0009de    0x2  Data  Lc  User_Mode.o [1]
recent_band_sensing_data
                        0x00097a    0xc  Data  Gb  led_ctrl.o [1]
recent_color_sensing_data
                        0x0009ac    0x4  Data  Gb  led_ctrl.o [1]
round                   0x015262   0x55  Code  Gb  round.o [4]
sample_react_step       0x000986    0xa  Data  Gb  User_Mode.o [1]
scale                   0x0153b1   0x51  Code  Lc  xprintffull.o [4]
skip_quotes             0x015779   0x45  Code  Lc  Parson.o [1]
sprintf                 0x0157be   0x44  Code  Gb  sprintf.o [4]
stick_color_backup      0x0009fb    0x1  Data  Lc  User_Mode.o [1]
stick_error_check       0x0009f7    0x1  Data  Gb  User_Mode.o [1]
strchr                  0x00f573   0x16  Code  Gb  Parson.o [1]
strcmp                  0x0161ad   0x2c  Code  Gb  strcmp.o [4]
strlen                  0x00f8b4    0xd  Code  Gb  strlen.o [4]
strncmp                 0x015c80   0x35  Code  Gb  strncmp.o [4]
strncpy                 0x015cb5   0x35  Code  Gb  strncpy.o [4]
strrchr                 0x00f547   0x16  Code  Gb  API_Message_Ctrl.o [1]
strstr                  0x00f589   0x16  Code  Gb  Parson.o [1]
strtod                  0x00f8c1    0xd  Code  Gb  strtod.o [4]
sub_menu_select         0x0009e6    0x1  Data  Gb  admin_mode.o [1]
u_strncpy               0x016284   0x2a  Code  Gb  uart_ctrl.o [1]
vDac                    0x0009da    0x2  Data  Gb  Production_Mode.o [1]
vbat_status             0x0009ea    0x1  Data  Gb  Battery_Ctrl.o [1]
vbat_update             0x0009e9    0x1  Data  Gb  Battery_Ctrl.o [1]
x_delta                 0x00b6c8    0x4  Data  Gb  led_ctrl.o [1]
y_target                0x00054f    0x4  Data  Gb  led_ctrl.o [1]


[1] = C:\Users\admin\Documents\Git\Sugentech-Backup\Surearly_SMART-Firmware\Main_v2.0.18_alpha(original,git)\Debug\Obj
[2] = command line
[3] = dbgstm8mmd.a
[4] = dlstm8mmf.a

  43 588 bytes of readonly  code memory
     207 bytes of readwrite code memory
   3 823 bytes of readonly  data memory
   3 696 bytes of readwrite data memory

Errors: none
Warnings: none
